00:35:02 **** Incremental Build of configuration Debug for project Game_1 ****
make -j4 all 
arm-none-eabi-gcc "../Core/Src/main.c" -mcpu=cortex-m3 -std=gnu11 -g3 -DSTM32F103xE '-DVDD_VALUE=3300' '-DHSE_VALUE=8000000' '-DLSI_VALUE=40000' '-DHSI_VALUE=8000000' '-DHSE_STARTUP_TIMEOUT=100' -DUSE_FULL_LL_DRIVER -DDEBUG '-DLSE_STARTUP_TIMEOUT=5000' '-DLSE_VALUE=32768' '-DPREFETCH_ENABLE=1' -c -I"../Core/Inc" -I../Drivers/CMSIS/Device/ST/STM32F1xx/Include -I../Drivers/CMSIS/Include -I"../Drivers/CMSIS/Device/ST/STM32F1xx/Include" -I../Core/Inc -I"../Drivers/CMSIS/Include" -I../Libraries -I../Drivers/STM32F1xx_HAL_Driver/Inc -O0 -ffunction-sections -fdata-sections -Wall -fstack-usage -MMD -MP -MF"Core/Src/main.d" -MT"Core/Src/main.o" --specs=nano.specs -mfloat-abi=soft -mthumb -o "Core/Src/main.o"
arm-none-eabi-gcc -o "Game_1.elf" @"objects.list"   -mcpu=cortex-m3 -T"F:\Projects\Connect4 Board\V2\STM32CubeIDE\Game_1\STM32F103RCTX_FLASH.ld" --specs=nosys.specs -Wl,-Map="Game_1.map" -Wl,--gc-sections -static --specs=nano.specs -mfloat-abi=soft -mthumb -Wl,--start-group -lc -lm -Wl,--end-group
Finished building target: Game_1.elf
 
arm-none-eabi-objdump -h -S  Game_1.elf  > "Game_1.list"
arm-none-eabi-objcopy  -O binary  Game_1.elf  "Game_1.bin"
arm-none-eabi-size   Game_1.elf 
   text	   data	    bss	    dec	    hex	filename
   4612	     12	   1604	   6228	   1854	Game_1.elf
Finished building: default.size.stdout
 
Finished building: Game_1.bin
 
Finished building: Game_1.list
 

00:35:04 Build Finished. 0 errors, 0 warnings. (took 2s.756ms)

