00:25:28 **** Incremental Build of configuration Debug for project Game_1 ****
make -j4 all 
arm-none-eabi-gcc "../Libraries/delay.c" -mcpu=cortex-m3 -std=gnu11 -g3 -DSTM32F103xE '-DVDD_VALUE=3300' '-DHSE_VALUE=8000000' '-DLSI_VALUE=40000' '-DHSI_VALUE=8000000' '-DHSE_STARTUP_TIMEOUT=100' -DUSE_FULL_LL_DRIVER -DDEBUG '-DLSE_STARTUP_TIMEOUT=5000' '-DLSE_VALUE=32768' '-DPREFETCH_ENABLE=1' -c -I../Libraries -I"../Drivers/CMSIS/Include" -I"../Drivers/CMSIS/Device/ST/STM32F1xx/Include" -I"../Core/Inc" -I../Drivers/STM32F1xx_HAL_Driver/Inc -O0 -ffunction-sections -fdata-sections -Wall -fstack-usage -MMD -MP -MF"Libraries/delay.d" -MT"Libraries/delay.o" --specs=nano.specs -mfloat-abi=soft -mthumb -o "Libraries/delay.o"
arm-none-eabi-gcc "../Drivers/STM32F1xx_HAL_Driver/Src/stm32f1xx_ll_exti.c" -mcpu=cortex-m3 -std=gnu11 -g3 -DSTM32F103xE '-DVDD_VALUE=3300' '-DHSE_VALUE=8000000' '-DLSI_VALUE=40000' '-DHSI_VALUE=8000000' '-DHSE_STARTUP_TIMEOUT=100' -DUSE_FULL_LL_DRIVER -DDEBUG '-DLSE_STARTUP_TIMEOUT=5000' '-DLSE_VALUE=32768' '-DPREFETCH_ENABLE=1' -c -I../Libraries -I"../Drivers/CMSIS/Include" -I"../Drivers/CMSIS/Device/ST/STM32F1xx/Include" -I"../Core/Inc" -I../Drivers/STM32F1xx_HAL_Driver/Inc -O0 -ffunction-sections -fdata-sections -Wall -fstack-usage -MMD -MP -MF"Drivers/STM32F1xx_HAL_Driver/Src/stm32f1xx_ll_exti.d" -MT"Drivers/STM32F1xx_HAL_Driver/Src/stm32f1xx_ll_exti.o" --specs=nano.specs -mfloat-abi=soft -mthumb -o "Drivers/STM32F1xx_HAL_Driver/Src/stm32f1xx_ll_exti.o"
arm-none-eabi-gcc "../Drivers/STM32F1xx_HAL_Driver/Src/stm32f1xx_ll_gpio.c" -mcpu=cortex-m3 -std=gnu11 -g3 -DSTM32F103xE '-DVDD_VALUE=3300' '-DHSE_VALUE=8000000' '-DLSI_VALUE=40000' '-DHSI_VALUE=8000000' '-DHSE_STARTUP_TIMEOUT=100' -DUSE_FULL_LL_DRIVER -DDEBUG '-DLSE_STARTUP_TIMEOUT=5000' '-DLSE_VALUE=32768' '-DPREFETCH_ENABLE=1' -c -I../Libraries -I"../Drivers/CMSIS/Include" -I"../Drivers/CMSIS/Device/ST/STM32F1xx/Include" -I"../Core/Inc" -I../Drivers/STM32F1xx_HAL_Driver/Inc -O0 -ffunction-sections -fdata-sections -Wall -fstack-usage -MMD -MP -MF"Drivers/STM32F1xx_HAL_Driver/Src/stm32f1xx_ll_gpio.d" -MT"Drivers/STM32F1xx_HAL_Driver/Src/stm32f1xx_ll_gpio.o" --specs=nano.specs -mfloat-abi=soft -mthumb -o "Drivers/STM32F1xx_HAL_Driver/Src/stm32f1xx_ll_gpio.o"
arm-none-eabi-gcc "../Drivers/STM32F1xx_HAL_Driver/Src/stm32f1xx_ll_pwr.c" -mcpu=cortex-m3 -std=gnu11 -g3 -DSTM32F103xE '-DVDD_VALUE=3300' '-DHSE_VALUE=8000000' '-DLSI_VALUE=40000' '-DHSI_VALUE=8000000' '-DHSE_STARTUP_TIMEOUT=100' -DUSE_FULL_LL_DRIVER -DDEBUG '-DLSE_STARTUP_TIMEOUT=5000' '-DLSE_VALUE=32768' '-DPREFETCH_ENABLE=1' -c -I../Libraries -I"../Drivers/CMSIS/Include" -I"../Drivers/CMSIS/Device/ST/STM32F1xx/Include" -I"../Core/Inc" -I../Drivers/STM32F1xx_HAL_Driver/Inc -O0 -ffunction-sections -fdata-sections -Wall -fstack-usage -MMD -MP -MF"Drivers/STM32F1xx_HAL_Driver/Src/stm32f1xx_ll_pwr.d" -MT"Drivers/STM32F1xx_HAL_Driver/Src/stm32f1xx_ll_pwr.o" --specs=nano.specs -mfloat-abi=soft -mthumb -o "Drivers/STM32F1xx_HAL_Driver/Src/stm32f1xx_ll_pwr.o"
arm-none-eabi-gcc "../Drivers/STM32F1xx_HAL_Driver/Src/stm32f1xx_ll_rcc.c" -mcpu=cortex-m3 -std=gnu11 -g3 -DSTM32F103xE '-DVDD_VALUE=3300' '-DHSE_VALUE=8000000' '-DLSI_VALUE=40000' '-DHSI_VALUE=8000000' '-DHSE_STARTUP_TIMEOUT=100' -DUSE_FULL_LL_DRIVER -DDEBUG '-DLSE_STARTUP_TIMEOUT=5000' '-DLSE_VALUE=32768' '-DPREFETCH_ENABLE=1' -c -I../Libraries -I"../Drivers/CMSIS/Include" -I"../Drivers/CMSIS/Device/ST/STM32F1xx/Include" -I"../Core/Inc" -I../Drivers/STM32F1xx_HAL_Driver/Inc -O0 -ffunction-sections -fdata-sections -Wall -fstack-usage -MMD -MP -MF"Drivers/STM32F1xx_HAL_Driver/Src/stm32f1xx_ll_rcc.d" -MT"Drivers/STM32F1xx_HAL_Driver/Src/stm32f1xx_ll_rcc.o" --specs=nano.specs -mfloat-abi=soft -mthumb -o "Drivers/STM32F1xx_HAL_Driver/Src/stm32f1xx_ll_rcc.o"
arm-none-eabi-gcc "../Drivers/STM32F1xx_HAL_Driver/Src/stm32f1xx_ll_utils.c" -mcpu=cortex-m3 -std=gnu11 -g3 -DSTM32F103xE '-DVDD_VALUE=3300' '-DHSE_VALUE=8000000' '-DLSI_VALUE=40000' '-DHSI_VALUE=8000000' '-DHSE_STARTUP_TIMEOUT=100' -DUSE_FULL_LL_DRIVER -DDEBUG '-DLSE_STARTUP_TIMEOUT=5000' '-DLSE_VALUE=32768' '-DPREFETCH_ENABLE=1' -c -I../Libraries -I"../Drivers/CMSIS/Include" -I"../Drivers/CMSIS/Device/ST/STM32F1xx/Include" -I"../Core/Inc" -I../Drivers/STM32F1xx_HAL_Driver/Inc -O0 -ffunction-sections -fdata-sections -Wall -fstack-usage -MMD -MP -MF"Drivers/STM32F1xx_HAL_Driver/Src/stm32f1xx_ll_utils.d" -MT"Drivers/STM32F1xx_HAL_Driver/Src/stm32f1xx_ll_utils.o" --specs=nano.specs -mfloat-abi=soft -mthumb -o "Drivers/STM32F1xx_HAL_Driver/Src/stm32f1xx_ll_utils.o"
arm-none-eabi-gcc -mcpu=cortex-m3 -g3 -c -x assembler-with-cpp --specs=nano.specs -mfloat-abi=soft -mthumb -o "Core/Startup/startup_stm32f103rctx.o" "../Core/Startup/startup_stm32f103rctx.s"
arm-none-eabi-gcc "../Core/Src/main.c" -mcpu=cortex-m3 -std=gnu11 -g3 -DSTM32F103xE '-DVDD_VALUE=3300' '-DHSE_VALUE=8000000' '-DLSI_VALUE=40000' '-DHSI_VALUE=8000000' '-DHSE_STARTUP_TIMEOUT=100' -DUSE_FULL_LL_DRIVER -DDEBUG '-DLSE_STARTUP_TIMEOUT=5000' '-DLSE_VALUE=32768' '-DPREFETCH_ENABLE=1' -c -I../Libraries -I"../Drivers/CMSIS/Include" -I"../Drivers/CMSIS/Device/ST/STM32F1xx/Include" -I"../Core/Inc" -I../Drivers/STM32F1xx_HAL_Driver/Inc -O0 -ffunction-sections -fdata-sections -Wall -fstack-usage -MMD -MP -MF"Core/Src/main.d" -MT"Core/Src/main.o" --specs=nano.specs -mfloat-abi=soft -mthumb -o "Core/Src/main.o"
arm-none-eabi-gcc "../Core/Src/stm32f1xx_it.c" -mcpu=cortex-m3 -std=gnu11 -g3 -DSTM32F103xE '-DVDD_VALUE=3300' '-DHSE_VALUE=8000000' '-DLSI_VALUE=40000' '-DHSI_VALUE=8000000' '-DHSE_STARTUP_TIMEOUT=100' -DUSE_FULL_LL_DRIVER -DDEBUG '-DLSE_STARTUP_TIMEOUT=5000' '-DLSE_VALUE=32768' '-DPREFETCH_ENABLE=1' -c -I../Libraries -I"../Drivers/CMSIS/Include" -I"../Drivers/CMSIS/Device/ST/STM32F1xx/Include" -I"../Core/Inc" -I../Drivers/STM32F1xx_HAL_Driver/Inc -O0 -ffunction-sections -fdata-sections -Wall -fstack-usage -MMD -MP -MF"Core/Src/stm32f1xx_it.d" -MT"Core/Src/stm32f1xx_it.o" --specs=nano.specs -mfloat-abi=soft -mthumb -o "Core/Src/stm32f1xx_it.o"
arm-none-eabi-gcc "../Core/Src/syscalls.c" -mcpu=cortex-m3 -std=gnu11 -g3 -DSTM32F103xE '-DVDD_VALUE=3300' '-DHSE_VALUE=8000000' '-DLSI_VALUE=40000' '-DHSI_VALUE=8000000' '-DHSE_STARTUP_TIMEOUT=100' -DUSE_FULL_LL_DRIVER -DDEBUG '-DLSE_STARTUP_TIMEOUT=5000' '-DLSE_VALUE=32768' '-DPREFETCH_ENABLE=1' -c -I../Libraries -I"../Drivers/CMSIS/Include" -I"../Drivers/CMSIS/Device/ST/STM32F1xx/Include" -I"../Core/Inc" -I../Drivers/STM32F1xx_HAL_Driver/Inc -O0 -ffunction-sections -fdata-sections -Wall -fstack-usage -MMD -MP -MF"Core/Src/syscalls.d" -MT"Core/Src/syscalls.o" --specs=nano.specs -mfloat-abi=soft -mthumb -o "Core/Src/syscalls.o"
arm-none-eabi-gcc "../Core/Src/sysmem.c" -mcpu=cortex-m3 -std=gnu11 -g3 -DSTM32F103xE '-DVDD_VALUE=3300' '-DHSE_VALUE=8000000' '-DLSI_VALUE=40000' '-DHSI_VALUE=8000000' '-DHSE_STARTUP_TIMEOUT=100' -DUSE_FULL_LL_DRIVER -DDEBUG '-DLSE_STARTUP_TIMEOUT=5000' '-DLSE_VALUE=32768' '-DPREFETCH_ENABLE=1' -c -I../Libraries -I"../Drivers/CMSIS/Include" -I"../Drivers/CMSIS/Device/ST/STM32F1xx/Include" -I"../Core/Inc" -I../Drivers/STM32F1xx_HAL_Driver/Inc -O0 -ffunction-sections -fdata-sections -Wall -fstack-usage -MMD -MP -MF"Core/Src/sysmem.d" -MT"Core/Src/sysmem.o" --specs=nano.specs -mfloat-abi=soft -mthumb -o "Core/Src/sysmem.o"
arm-none-eabi-gcc "../Core/Src/system_stm32f1xx.c" -mcpu=cortex-m3 -std=gnu11 -g3 -DSTM32F103xE '-DVDD_VALUE=3300' '-DHSE_VALUE=8000000' '-DLSI_VALUE=40000' '-DHSI_VALUE=8000000' '-DHSE_STARTUP_TIMEOUT=100' -DUSE_FULL_LL_DRIVER -DDEBUG '-DLSE_STARTUP_TIMEOUT=5000' '-DLSE_VALUE=32768' '-DPREFETCH_ENABLE=1' -c -I../Libraries -I"../Drivers/CMSIS/Include" -I"../Drivers/CMSIS/Device/ST/STM32F1xx/Include" -I"../Core/Inc" -I../Drivers/STM32F1xx_HAL_Driver/Inc -O0 -ffunction-sections -fdata-sections -Wall -fstack-usage -MMD -MP -MF"Core/Src/system_stm32f1xx.d" -MT"Core/Src/system_stm32f1xx.o" --specs=nano.specs -mfloat-abi=soft -mthumb -o "Core/Src/system_stm32f1xx.o"
arm-none-eabi-gcc -o "Game_1.elf" @"objects.list"   -mcpu=cortex-m3 -T"F:\Projects\Connect4 Board\V2\STM32CubeIDE\Game_1\STM32F103RCTX_FLASH.ld" --specs=nosys.specs -Wl,-Map="Game_1.map" -Wl,--gc-sections -static --specs=nano.specs -mfloat-abi=soft -mthumb -Wl,--start-group -lc -lm -Wl,--end-group
Finished building target: Game_1.elf
 
arm-none-eabi-size   Game_1.elf 
arm-none-eabi-objdump -h -S  Game_1.elf  > "Game_1.list"
arm-none-eabi-objcopy  -O binary  Game_1.elf  "Game_1.bin"
   text	   data	    bss	    dec	    hex	filename
   4636	     12	   1604	   6252	   186c	Game_1.elf
Finished building: default.size.stdout
 
Finished building: Game_1.bin
 
Finished building: Game_1.list
 
00:25:35 **** Incremental Build of configuration Debug for project Game_1 ****
make -j4 all 
arm-none-eabi-size   Game_1.elf 
   text	   data	    bss	    dec	    hex	filename
   4636	     12	   1604	   6252	   186c	Game_1.elf
Finished building: default.size.stdout
 
00:26:47 **** Incremental Build of configuration Debug for project Game_1 ****
make -j4 all 
arm-none-eabi-gcc "../Core/Src/main.c" -mcpu=cortex-m3 -std=gnu11 -g3 -DSTM32F103xE '-DVDD_VALUE=3300' '-DHSE_VALUE=8000000' '-DLSI_VALUE=40000' '-DHSI_VALUE=8000000' '-DHSE_STARTUP_TIMEOUT=100' -DUSE_FULL_LL_DRIVER -DDEBUG '-DLSE_STARTUP_TIMEOUT=5000' '-DLSE_VALUE=32768' '-DPREFETCH_ENABLE=1' -c -I../Libraries -I"../Drivers/CMSIS/Include" -I"../Drivers/CMSIS/Device/ST/STM32F1xx/Include" -I"../Core/Inc" -I../Drivers/STM32F1xx_HAL_Driver/Inc -O0 -ffunction-sections -fdata-sections -Wall -fstack-usage -MMD -MP -MF"Core/Src/main.d" -MT"Core/Src/main.o" --specs=nano.specs -mfloat-abi=soft -mthumb -o "Core/Src/main.o"
arm-none-eabi-gcc -o "Game_1.elf" @"objects.list"   -mcpu=cortex-m3 -T"F:\Projects\Connect4 Board\V2\STM32CubeIDE\Game_1\STM32F103RCTX_FLASH.ld" --specs=nosys.specs -Wl,-Map="Game_1.map" -Wl,--gc-sections -static --specs=nano.specs -mfloat-abi=soft -mthumb -Wl,--start-group -lc -lm -Wl,--end-group
Finished building target: Game_1.elf
 
arm-none-eabi-objdump -h -S  Game_1.elf  > "Game_1.list"
arm-none-eabi-objcopy  -O binary  Game_1.elf  "Game_1.bin"
arm-none-eabi-size   Game_1.elf 
   text	   data	    bss	    dec	    hex	filename
   4592	     12	   1604	   6208	   1840	Game_1.elf
Finished building: default.size.stdout
 
Finished building: Game_1.bin
 
Finished building: Game_1.list
 
00:28:05 **** Incremental Build of configuration Debug for project Game_1 ****
make -j4 all 
arm-none-eabi-gcc "../Core/Src/main.c" -mcpu=cortex-m3 -std=gnu11 -g3 -DSTM32F103xE '-DVDD_VALUE=3300' '-DHSE_VALUE=8000000' '-DLSI_VALUE=40000' '-DHSI_VALUE=8000000' '-DHSE_STARTUP_TIMEOUT=100' -DUSE_FULL_LL_DRIVER -DDEBUG '-DLSE_STARTUP_TIMEOUT=5000' '-DLSE_VALUE=32768' '-DPREFETCH_ENABLE=1' -c -I../Libraries -I"../Drivers/CMSIS/Include" -I"../Drivers/CMSIS/Device/ST/STM32F1xx/Include" -I"../Core/Inc" -I../Drivers/STM32F1xx_HAL_Driver/Inc -O0 -ffunction-sections -fdata-sections -Wall -fstack-usage -MMD -MP -MF"Core/Src/main.d" -MT"Core/Src/main.o" --specs=nano.specs -mfloat-abi=soft -mthumb -o "Core/Src/main.o"
arm-none-eabi-gcc -o "Game_1.elf" @"objects.list"   -mcpu=cortex-m3 -T"F:\Projects\Connect4 Board\V2\STM32CubeIDE\Game_1\STM32F103RCTX_FLASH.ld" --specs=nosys.specs -Wl,-Map="Game_1.map" -Wl,--gc-sections -static --specs=nano.specs -mfloat-abi=soft -mthumb -Wl,--start-group -lc -lm -Wl,--end-group
Finished building target: Game_1.elf
 
arm-none-eabi-objdump -h -S  Game_1.elf  > "Game_1.list"
arm-none-eabi-objcopy  -O binary  Game_1.elf  "Game_1.bin"
arm-none-eabi-size   Game_1.elf 
   text	   data	    bss	    dec	    hex	filename
   4592	     12	   1604	   6208	   1840	Game_1.elf
Finished building: default.size.stdout
 
Finished building: Game_1.bin
 
Finished building: Game_1.list
 
00:34:43 **** Incremental Build of configuration Debug for project Game_1 ****
make -j4 all 
arm-none-eabi-gcc "../Libraries/delay.c" -mcpu=cortex-m3 -std=gnu11 -g3 -DSTM32F103xE '-DVDD_VALUE=3300' '-DHSE_VALUE=8000000' '-DLSI_VALUE=40000' '-DHSI_VALUE=8000000' '-DHSE_STARTUP_TIMEOUT=100' -DUSE_FULL_LL_DRIVER -DDEBUG '-DLSE_STARTUP_TIMEOUT=5000' '-DLSE_VALUE=32768' '-DPREFETCH_ENABLE=1' -c -I"../Core/Inc" -I../Drivers/CMSIS/Device/ST/STM32F1xx/Include -I../Drivers/CMSIS/Include -I"../Drivers/CMSIS/Device/ST/STM32F1xx/Include" -I../Core/Inc -I"../Drivers/CMSIS/Include" -I../Libraries -I../Drivers/STM32F1xx_HAL_Driver/Inc -O0 -ffunction-sections -fdata-sections -Wall -fstack-usage -MMD -MP -MF"Libraries/delay.d" -MT"Libraries/delay.o" --specs=nano.specs -mfloat-abi=soft -mthumb -o "Libraries/delay.o"
arm-none-eabi-gcc "../Drivers/STM32F1xx_HAL_Driver/Src/stm32f1xx_ll_exti.c" -mcpu=cortex-m3 -std=gnu11 -g3 -DSTM32F103xE '-DVDD_VALUE=3300' '-DHSE_VALUE=8000000' '-DLSI_VALUE=40000' '-DHSI_VALUE=8000000' '-DHSE_STARTUP_TIMEOUT=100' -DUSE_FULL_LL_DRIVER -DDEBUG '-DLSE_STARTUP_TIMEOUT=5000' '-DLSE_VALUE=32768' '-DPREFETCH_ENABLE=1' -c -I"../Core/Inc" -I../Drivers/CMSIS/Device/ST/STM32F1xx/Include -I../Drivers/CMSIS/Include -I"../Drivers/CMSIS/Device/ST/STM32F1xx/Include" -I../Core/Inc -I"../Drivers/CMSIS/Include" -I../Libraries -I../Drivers/STM32F1xx_HAL_Driver/Inc -O0 -ffunction-sections -fdata-sections -Wall -fstack-usage -MMD -MP -MF"Drivers/STM32F1xx_HAL_Driver/Src/stm32f1xx_ll_exti.d" -MT"Drivers/STM32F1xx_HAL_Driver/Src/stm32f1xx_ll_exti.o" --specs=nano.specs -mfloat-abi=soft -mthumb -o "Drivers/STM32F1xx_HAL_Driver/Src/stm32f1xx_ll_exti.o"
arm-none-eabi-gcc "../Drivers/STM32F1xx_HAL_Driver/Src/stm32f1xx_ll_gpio.c" -mcpu=cortex-m3 -std=gnu11 -g3 -DSTM32F103xE '-DVDD_VALUE=3300' '-DHSE_VALUE=8000000' '-DLSI_VALUE=40000' '-DHSI_VALUE=8000000' '-DHSE_STARTUP_TIMEOUT=100' -DUSE_FULL_LL_DRIVER -DDEBUG '-DLSE_STARTUP_TIMEOUT=5000' '-DLSE_VALUE=32768' '-DPREFETCH_ENABLE=1' -c -I"../Core/Inc" -I../Drivers/CMSIS/Device/ST/STM32F1xx/Include -I../Drivers/CMSIS/Include -I"../Drivers/CMSIS/Device/ST/STM32F1xx/Include" -I../Core/Inc -I"../Drivers/CMSIS/Include" -I../Libraries -I../Drivers/STM32F1xx_HAL_Driver/Inc -O0 -ffunction-sections -fdata-sections -Wall -fstack-usage -MMD -MP -MF"Drivers/STM32F1xx_HAL_Driver/Src/stm32f1xx_ll_gpio.d" -MT"Drivers/STM32F1xx_HAL_Driver/Src/stm32f1xx_ll_gpio.o" --specs=nano.specs -mfloat-abi=soft -mthumb -o "Drivers/STM32F1xx_HAL_Driver/Src/stm32f1xx_ll_gpio.o"
arm-none-eabi-gcc "../Drivers/STM32F1xx_HAL_Driver/Src/stm32f1xx_ll_pwr.c" -mcpu=cortex-m3 -std=gnu11 -g3 -DSTM32F103xE '-DVDD_VALUE=3300' '-DHSE_VALUE=8000000' '-DLSI_VALUE=40000' '-DHSI_VALUE=8000000' '-DHSE_STARTUP_TIMEOUT=100' -DUSE_FULL_LL_DRIVER -DDEBUG '-DLSE_STARTUP_TIMEOUT=5000' '-DLSE_VALUE=32768' '-DPREFETCH_ENABLE=1' -c -I"../Core/Inc" -I../Drivers/CMSIS/Device/ST/STM32F1xx/Include -I../Drivers/CMSIS/Include -I"../Drivers/CMSIS/Device/ST/STM32F1xx/Include" -I../Core/Inc -I"../Drivers/CMSIS/Include" -I../Libraries -I../Drivers/STM32F1xx_HAL_Driver/Inc -O0 -ffunction-sections -fdata-sections -Wall -fstack-usage -MMD -MP -MF"Drivers/STM32F1xx_HAL_Driver/Src/stm32f1xx_ll_pwr.d" -MT"Drivers/STM32F1xx_HAL_Driver/Src/stm32f1xx_ll_pwr.o" --specs=nano.specs -mfloat-abi=soft -mthumb -o "Drivers/STM32F1xx_HAL_Driver/Src/stm32f1xx_ll_pwr.o"
arm-none-eabi-gcc "../Drivers/STM32F1xx_HAL_Driver/Src/stm32f1xx_ll_rcc.c" -mcpu=cortex-m3 -std=gnu11 -g3 -DSTM32F103xE '-DVDD_VALUE=3300' '-DHSE_VALUE=8000000' '-DLSI_VALUE=40000' '-DHSI_VALUE=8000000' '-DHSE_STARTUP_TIMEOUT=100' -DUSE_FULL_LL_DRIVER -DDEBUG '-DLSE_STARTUP_TIMEOUT=5000' '-DLSE_VALUE=32768' '-DPREFETCH_ENABLE=1' -c -I"../Core/Inc" -I../Drivers/CMSIS/Device/ST/STM32F1xx/Include -I../Drivers/CMSIS/Include -I"../Drivers/CMSIS/Device/ST/STM32F1xx/Include" -I../Core/Inc -I"../Drivers/CMSIS/Include" -I../Libraries -I../Drivers/STM32F1xx_HAL_Driver/Inc -O0 -ffunction-sections -fdata-sections -Wall -fstack-usage -MMD -MP -MF"Drivers/STM32F1xx_HAL_Driver/Src/stm32f1xx_ll_rcc.d" -MT"Drivers/STM32F1xx_HAL_Driver/Src/stm32f1xx_ll_rcc.o" --specs=nano.specs -mfloat-abi=soft -mthumb -o "Drivers/STM32F1xx_HAL_Driver/Src/stm32f1xx_ll_rcc.o"
arm-none-eabi-gcc "../Drivers/STM32F1xx_HAL_Driver/Src/stm32f1xx_ll_utils.c" -mcpu=cortex-m3 -std=gnu11 -g3 -DSTM32F103xE '-DVDD_VALUE=3300' '-DHSE_VALUE=8000000' '-DLSI_VALUE=40000' '-DHSI_VALUE=8000000' '-DHSE_STARTUP_TIMEOUT=100' -DUSE_FULL_LL_DRIVER -DDEBUG '-DLSE_STARTUP_TIMEOUT=5000' '-DLSE_VALUE=32768' '-DPREFETCH_ENABLE=1' -c -I"../Core/Inc" -I../Drivers/CMSIS/Device/ST/STM32F1xx/Include -I../Drivers/CMSIS/Include -I"../Drivers/CMSIS/Device/ST/STM32F1xx/Include" -I../Core/Inc -I"../Drivers/CMSIS/Include" -I../Libraries -I../Drivers/STM32F1xx_HAL_Driver/Inc -O0 -ffunction-sections -fdata-sections -Wall -fstack-usage -MMD -MP -MF"Drivers/STM32F1xx_HAL_Driver/Src/stm32f1xx_ll_utils.d" -MT"Drivers/STM32F1xx_HAL_Driver/Src/stm32f1xx_ll_utils.o" --specs=nano.specs -mfloat-abi=soft -mthumb -o "Drivers/STM32F1xx_HAL_Driver/Src/stm32f1xx_ll_utils.o"
arm-none-eabi-gcc "../Core/Src/main.c" -mcpu=cortex-m3 -std=gnu11 -g3 -DSTM32F103xE '-DVDD_VALUE=3300' '-DHSE_VALUE=8000000' '-DLSI_VALUE=40000' '-DHSI_VALUE=8000000' '-DHSE_STARTUP_TIMEOUT=100' -DUSE_FULL_LL_DRIVER -DDEBUG '-DLSE_STARTUP_TIMEOUT=5000' '-DLSE_VALUE=32768' '-DPREFETCH_ENABLE=1' -c -I"../Core/Inc" -I../Drivers/CMSIS/Device/ST/STM32F1xx/Include -I../Drivers/CMSIS/Include -I"../Drivers/CMSIS/Device/ST/STM32F1xx/Include" -I../Core/Inc -I"../Drivers/CMSIS/Include" -I../Libraries -I../Drivers/STM32F1xx_HAL_Driver/Inc -O0 -ffunction-sections -fdata-sections -Wall -fstack-usage -MMD -MP -MF"Core/Src/main.d" -MT"Core/Src/main.o" --specs=nano.specs -mfloat-abi=soft -mthumb -o "Core/Src/main.o"
arm-none-eabi-gcc "../Core/Src/stm32f1xx_it.c" -mcpu=cortex-m3 -std=gnu11 -g3 -DSTM32F103xE '-DVDD_VALUE=3300' '-DHSE_VALUE=8000000' '-DLSI_VALUE=40000' '-DHSI_VALUE=8000000' '-DHSE_STARTUP_TIMEOUT=100' -DUSE_FULL_LL_DRIVER -DDEBUG '-DLSE_STARTUP_TIMEOUT=5000' '-DLSE_VALUE=32768' '-DPREFETCH_ENABLE=1' -c -I"../Core/Inc" -I../Drivers/CMSIS/Device/ST/STM32F1xx/Include -I../Drivers/CMSIS/Include -I"../Drivers/CMSIS/Device/ST/STM32F1xx/Include" -I../Core/Inc -I"../Drivers/CMSIS/Include" -I../Libraries -I../Drivers/STM32F1xx_HAL_Driver/Inc -O0 -ffunction-sections -fdata-sections -Wall -fstack-usage -MMD -MP -MF"Core/Src/stm32f1xx_it.d" -MT"Core/Src/stm32f1xx_it.o" --specs=nano.specs -mfloat-abi=soft -mthumb -o "Core/Src/stm32f1xx_it.o"
arm-none-eabi-gcc "../Core/Src/syscalls.c" -mcpu=cortex-m3 -std=gnu11 -g3 -DSTM32F103xE '-DVDD_VALUE=3300' '-DHSE_VALUE=8000000' '-DLSI_VALUE=40000' '-DHSI_VALUE=8000000' '-DHSE_STARTUP_TIMEOUT=100' -DUSE_FULL_LL_DRIVER -DDEBUG '-DLSE_STARTUP_TIMEOUT=5000' '-DLSE_VALUE=32768' '-DPREFETCH_ENABLE=1' -c -I"../Core/Inc" -I../Drivers/CMSIS/Device/ST/STM32F1xx/Include -I../Drivers/CMSIS/Include -I"../Drivers/CMSIS/Device/ST/STM32F1xx/Include" -I../Core/Inc -I"../Drivers/CMSIS/Include" -I../Libraries -I../Drivers/STM32F1xx_HAL_Driver/Inc -O0 -ffunction-sections -fdata-sections -Wall -fstack-usage -MMD -MP -MF"Core/Src/syscalls.d" -MT"Core/Src/syscalls.o" --specs=nano.specs -mfloat-abi=soft -mthumb -o "Core/Src/syscalls.o"
arm-none-eabi-gcc "../Core/Src/sysmem.c" -mcpu=cortex-m3 -std=gnu11 -g3 -DSTM32F103xE '-DVDD_VALUE=3300' '-DHSE_VALUE=8000000' '-DLSI_VALUE=40000' '-DHSI_VALUE=8000000' '-DHSE_STARTUP_TIMEOUT=100' -DUSE_FULL_LL_DRIVER -DDEBUG '-DLSE_STARTUP_TIMEOUT=5000' '-DLSE_VALUE=32768' '-DPREFETCH_ENABLE=1' -c -I"../Core/Inc" -I../Drivers/CMSIS/Device/ST/STM32F1xx/Include -I../Drivers/CMSIS/Include -I"../Drivers/CMSIS/Device/ST/STM32F1xx/Include" -I../Core/Inc -I"../Drivers/CMSIS/Include" -I../Libraries -I../Drivers/STM32F1xx_HAL_Driver/Inc -O0 -ffunction-sections -fdata-sections -Wall -fstack-usage -MMD -MP -MF"Core/Src/sysmem.d" -MT"Core/Src/sysmem.o" --specs=nano.specs -mfloat-abi=soft -mthumb -o "Core/Src/sysmem.o"
arm-none-eabi-gcc "../Core/Src/system_stm32f1xx.c" -mcpu=cortex-m3 -std=gnu11 -g3 -DSTM32F103xE '-DVDD_VALUE=3300' '-DHSE_VALUE=8000000' '-DLSI_VALUE=40000' '-DHSI_VALUE=8000000' '-DHSE_STARTUP_TIMEOUT=100' -DUSE_FULL_LL_DRIVER -DDEBUG '-DLSE_STARTUP_TIMEOUT=5000' '-DLSE_VALUE=32768' '-DPREFETCH_ENABLE=1' -c -I"../Core/Inc" -I../Drivers/CMSIS/Device/ST/STM32F1xx/Include -I../Drivers/CMSIS/Include -I"../Drivers/CMSIS/Device/ST/STM32F1xx/Include" -I../Core/Inc -I"../Drivers/CMSIS/Include" -I../Libraries -I../Drivers/STM32F1xx_HAL_Driver/Inc -O0 -ffunction-sections -fdata-sections -Wall -fstack-usage -MMD -MP -MF"Core/Src/system_stm32f1xx.d" -MT"Core/Src/system_stm32f1xx.o" --specs=nano.specs -mfloat-abi=soft -mthumb -o "Core/Src/system_stm32f1xx.o"
arm-none-eabi-gcc -o "Game_1.elf" @"objects.list"   -mcpu=cortex-m3 -T"F:\Projects\Connect4 Board\V2\STM32CubeIDE\Game_1\STM32F103RCTX_FLASH.ld" --specs=nosys.specs -Wl,-Map="Game_1.map" -Wl,--gc-sections -static --specs=nano.specs -mfloat-abi=soft -mthumb -Wl,--start-group -lc -lm -Wl,--end-group
Finished building target: Game_1.elf
 
arm-none-eabi-objdump -h -S  Game_1.elf  > "Game_1.list"
arm-none-eabi-objcopy  -O binary  Game_1.elf  "Game_1.bin"
arm-none-eabi-size   Game_1.elf 
   text	   data	    bss	    dec	    hex	filename
   4656	     12	   1604	   6272	   1880	Game_1.elf
Finished building: default.size.stdout
 
Finished building: Game_1.bin
 
Finished building: Game_1.list
 
00:35:02 **** Incremental Build of configuration Debug for project Game_1 ****
make -j4 all 
arm-none-eabi-gcc "../Core/Src/main.c" -mcpu=cortex-m3 -std=gnu11 -g3 -DSTM32F103xE '-DVDD_VALUE=3300' '-DHSE_VALUE=8000000' '-DLSI_VALUE=40000' '-DHSI_VALUE=8000000' '-DHSE_STARTUP_TIMEOUT=100' -DUSE_FULL_LL_DRIVER -DDEBUG '-DLSE_STARTUP_TIMEOUT=5000' '-DLSE_VALUE=32768' '-DPREFETCH_ENABLE=1' -c -I"../Core/Inc" -I../Drivers/CMSIS/Device/ST/STM32F1xx/Include -I../Drivers/CMSIS/Include -I"../Drivers/CMSIS/Device/ST/STM32F1xx/Include" -I../Core/Inc -I"../Drivers/CMSIS/Include" -I../Libraries -I../Drivers/STM32F1xx_HAL_Driver/Inc -O0 -ffunction-sections -fdata-sections -Wall -fstack-usage -MMD -MP -MF"Core/Src/main.d" -MT"Core/Src/main.o" --specs=nano.specs -mfloat-abi=soft -mthumb -o "Core/Src/main.o"
arm-none-eabi-gcc -o "Game_1.elf" @"objects.list"   -mcpu=cortex-m3 -T"F:\Projects\Connect4 Board\V2\STM32CubeIDE\Game_1\STM32F103RCTX_FLASH.ld" --specs=nosys.specs -Wl,-Map="Game_1.map" -Wl,--gc-sections -static --specs=nano.specs -mfloat-abi=soft -mthumb -Wl,--start-group -lc -lm -Wl,--end-group
Finished building target: Game_1.elf
 
arm-none-eabi-objdump -h -S  Game_1.elf  > "Game_1.list"
arm-none-eabi-objcopy  -O binary  Game_1.elf  "Game_1.bin"
arm-none-eabi-size   Game_1.elf 
   text	   data	    bss	    dec	    hex	filename
   4612	     12	   1604	   6228	   1854	Game_1.elf
Finished building: default.size.stdout
 
Finished building: Game_1.bin
 
Finished building: Game_1.list
 
