14:56:09 **** Incremental Build of configuration Debug for project LED_Test ****
make -j8 all 
Building file: ../src/main.c
Invoking: MCU GCC Compiler
F:\Projects\Connect4 Board\STM Code\AC6 Workbench\LED_Test\Debug
arm-none-eabi-gcc -mcpu=cortex-m3 -mthumb -mfloat-abi=soft -DSTM32 -DSTM32F1 -DSTM32F103RCTx -DDEBUG -DSTM32F10X_HD -DUSE_STDPERIPH_DRIVER -I"F:/Projects/Connect4 Board/STM Code/AC6 Workbench/LED_Test/StdPeriph_Driver/inc" -I"F:/Projects/Connect4 Board/STM Code/AC6 Workbench/LED_Test/Libraries" -I"F:/Projects/Connect4 Board/STM Code/AC6 Workbench/LED_Test/inc" -I"F:/Projects/Connect4 Board/STM Code/AC6 Workbench/LED_Test/CMSIS/device" -I"F:/Projects/Connect4 Board/STM Code/AC6 Workbench/LED_Test/CMSIS/core" -I"F:/Projects/Connect4 Board/STM Code/AC6 Workbench/LED_Test/Libraries" -O0 -g3 -Wall -fmessage-length=0 -ffunction-sections -c -MMD -MP -MF"src/main.d" -MT"src/main.o" -o "src/main.o" "../src/main.c"
Finished building: ../src/main.c
 
Building target: LED_Test.elf
Invoking: MCU GCC Linker
arm-none-eabi-gcc -mcpu=cortex-m3 -mthumb -mfloat-abi=soft -T"F:/Projects/Connect4 Board/STM Code/AC6 Workbench/LED_Test/LinkerScript.ld" -Wl,-Map=output.map -Wl,--gc-sections -o "LED_Test.elf" @"objects.list"   -lm
Finished building target: LED_Test.elf
 
make --no-print-directory post-build
Generating binary and Printing size information:
arm-none-eabi-objcopy -O binary "LED_Test.elf" "LED_Test.bin"
arm-none-eabi-size "LED_Test.elf"
   text	   data	    bss	    dec	    hex	filename
   2048	   1080	   1116	   4244	   1094	LED_Test.elf
 

14:56:11 Build Finished (took 2s.298ms)

