13:33:36 **** Incremental Build of configuration Debug for project TheGame_1 ****
make -j4 all 
Building file: ../src/main.c
Invoking: MCU GCC Compiler
F:\Projects\Connect4 Board\STM Code\AC6 Workbench\TheGame_1\Debug
arm-none-eabi-gcc -mcpu=cortex-m3 -mthumb -mfloat-abi=soft -DSTM32 -DSTM32F1 -DSTM32F103RCTx -DDEBUG -DSTM32F10X_HD -DUSE_STDPERIPH_DRIVER -I"F:/Projects/Connect4 Board/STM Code/AC6 Workbench/TheGame_1/StdPeriph_Driver/inc" -I"F:/Projects/Connect4 Board/STM Code/AC6 Workbench/TheGame_1/Libraries" -I"F:/Projects/Connect4 Board/STM Code/AC6 Workbench/TheGame_1/inc" -I"F:/Projects/Connect4 Board/STM Code/AC6 Workbench/TheGame_1/CMSIS/device" -I"F:/Projects/Connect4 Board/STM Code/AC6 Workbench/TheGame_1/CMSIS/core" -O0 -g3 -Wall -fmessage-length=0 -ffunction-sections -c -MMD -MP -MF"src/main.d" -MT"src/main.o" -o "src/main.o" "../src/main.c"
Finished building: ../src/main.c
 
Building target: TheGame_1.elf
Invoking: MCU GCC Linker
arm-none-eabi-gcc -mcpu=cortex-m3 -mthumb -mfloat-abi=soft -T"F:/Projects/Connect4 Board/STM Code/AC6 Workbench/TheGame_1/LinkerScript.ld" -Wl,-Map=output.map -Wl,--gc-sections -o "TheGame_1.elf" @"objects.list"   -lm
Finished building target: TheGame_1.elf
 
make --no-print-directory post-build
Generating binary and Printing size information:
arm-none-eabi-objcopy -O binary "TheGame_1.elf" "TheGame_1.bin"
arm-none-eabi-size "TheGame_1.elf"
   text	   data	    bss	    dec	    hex	filename
   4020	   1080	   1132	   6232	   1858	TheGame_1.elf
 

13:33:38 Build Finished (took 2s.264ms)

