Archive member included to satisfy reference by file (symbol)

g:/st/stm32cubeide_1.0.2/stm32cubeide/plugins/com.st.stm32cube.ide.mcu.externaltools.gnu-tools-for-stm32.7-2018-q2-update.win32_1.0.0.201904181610/tools/bin/../lib/gcc/arm-none-eabi/7.3.1/../../../../arm-none-eabi/lib/thumb/v7-m\libc_nano.a(lib_a-errno.o)
                              Core/Src/syscalls.o (__errno)
g:/st/stm32cubeide_1.0.2/stm32cubeide/plugins/com.st.stm32cube.ide.mcu.externaltools.gnu-tools-for-stm32.7-2018-q2-update.win32_1.0.0.201904181610/tools/bin/../lib/gcc/arm-none-eabi/7.3.1/../../../../arm-none-eabi/lib/thumb/v7-m\libc_nano.a(lib_a-exit.o)
                              g:/st/stm32cubeide_1.0.2/stm32cubeide/plugins/com.st.stm32cube.ide.mcu.externaltools.gnu-tools-for-stm32.7-2018-q2-update.win32_1.0.0.201904181610/tools/bin/../lib/gcc/arm-none-eabi/7.3.1/../../../../arm-none-eabi/lib/thumb/v7-m/crt0.o (exit)
g:/st/stm32cubeide_1.0.2/stm32cubeide/plugins/com.st.stm32cube.ide.mcu.externaltools.gnu-tools-for-stm32.7-2018-q2-update.win32_1.0.0.201904181610/tools/bin/../lib/gcc/arm-none-eabi/7.3.1/../../../../arm-none-eabi/lib/thumb/v7-m\libc_nano.a(lib_a-impure.o)
                              g:/st/stm32cubeide_1.0.2/stm32cubeide/plugins/com.st.stm32cube.ide.mcu.externaltools.gnu-tools-for-stm32.7-2018-q2-update.win32_1.0.0.201904181610/tools/bin/../lib/gcc/arm-none-eabi/7.3.1/../../../../arm-none-eabi/lib/thumb/v7-m\libc_nano.a(lib_a-exit.o) (_global_impure_ptr)
g:/st/stm32cubeide_1.0.2/stm32cubeide/plugins/com.st.stm32cube.ide.mcu.externaltools.gnu-tools-for-stm32.7-2018-q2-update.win32_1.0.0.201904181610/tools/bin/../lib/gcc/arm-none-eabi/7.3.1/../../../../arm-none-eabi/lib/thumb/v7-m\libc_nano.a(lib_a-init.o)
                              g:/st/stm32cubeide_1.0.2/stm32cubeide/plugins/com.st.stm32cube.ide.mcu.externaltools.gnu-tools-for-stm32.7-2018-q2-update.win32_1.0.0.201904181610/tools/bin/../lib/gcc/arm-none-eabi/7.3.1/../../../../arm-none-eabi/lib/thumb/v7-m/crt0.o (__libc_init_array)
g:/st/stm32cubeide_1.0.2/stm32cubeide/plugins/com.st.stm32cube.ide.mcu.externaltools.gnu-tools-for-stm32.7-2018-q2-update.win32_1.0.0.201904181610/tools/bin/../lib/gcc/arm-none-eabi/7.3.1/../../../../arm-none-eabi/lib/thumb/v7-m\libc_nano.a(lib_a-memset.o)
                              g:/st/stm32cubeide_1.0.2/stm32cubeide/plugins/com.st.stm32cube.ide.mcu.externaltools.gnu-tools-for-stm32.7-2018-q2-update.win32_1.0.0.201904181610/tools/bin/../lib/gcc/arm-none-eabi/7.3.1/../../../../arm-none-eabi/lib/thumb/v7-m/crt0.o (memset)

Allocating common symbols
Common symbol       size              file

players             0xc               Core/Src/main.o
LED                 0x18              Core/Src/main.o

Discarded input sections

 .text          0x0000000000000000        0x0 g:/st/stm32cubeide_1.0.2/stm32cubeide/plugins/com.st.stm32cube.ide.mcu.externaltools.gnu-tools-for-stm32.7-2018-q2-update.win32_1.0.0.201904181610/tools/bin/../lib/gcc/arm-none-eabi/7.3.1/thumb/v7-m/crti.o
 .data          0x0000000000000000        0x0 g:/st/stm32cubeide_1.0.2/stm32cubeide/plugins/com.st.stm32cube.ide.mcu.externaltools.gnu-tools-for-stm32.7-2018-q2-update.win32_1.0.0.201904181610/tools/bin/../lib/gcc/arm-none-eabi/7.3.1/thumb/v7-m/crti.o
 .bss           0x0000000000000000        0x0 g:/st/stm32cubeide_1.0.2/stm32cubeide/plugins/com.st.stm32cube.ide.mcu.externaltools.gnu-tools-for-stm32.7-2018-q2-update.win32_1.0.0.201904181610/tools/bin/../lib/gcc/arm-none-eabi/7.3.1/thumb/v7-m/crti.o
 .data          0x0000000000000000        0x4 g:/st/stm32cubeide_1.0.2/stm32cubeide/plugins/com.st.stm32cube.ide.mcu.externaltools.gnu-tools-for-stm32.7-2018-q2-update.win32_1.0.0.201904181610/tools/bin/../lib/gcc/arm-none-eabi/7.3.1/thumb/v7-m/crtbegin.o
 .text          0x0000000000000000       0x74 g:/st/stm32cubeide_1.0.2/stm32cubeide/plugins/com.st.stm32cube.ide.mcu.externaltools.gnu-tools-for-stm32.7-2018-q2-update.win32_1.0.0.201904181610/tools/bin/../lib/gcc/arm-none-eabi/7.3.1/../../../../arm-none-eabi/lib/thumb/v7-m/crt0.o
 .data          0x0000000000000000        0x0 g:/st/stm32cubeide_1.0.2/stm32cubeide/plugins/com.st.stm32cube.ide.mcu.externaltools.gnu-tools-for-stm32.7-2018-q2-update.win32_1.0.0.201904181610/tools/bin/../lib/gcc/arm-none-eabi/7.3.1/../../../../arm-none-eabi/lib/thumb/v7-m/crt0.o
 .bss           0x0000000000000000        0x0 g:/st/stm32cubeide_1.0.2/stm32cubeide/plugins/com.st.stm32cube.ide.mcu.externaltools.gnu-tools-for-stm32.7-2018-q2-update.win32_1.0.0.201904181610/tools/bin/../lib/gcc/arm-none-eabi/7.3.1/../../../../arm-none-eabi/lib/thumb/v7-m/crt0.o
 .ARM.extab     0x0000000000000000        0x0 g:/st/stm32cubeide_1.0.2/stm32cubeide/plugins/com.st.stm32cube.ide.mcu.externaltools.gnu-tools-for-stm32.7-2018-q2-update.win32_1.0.0.201904181610/tools/bin/../lib/gcc/arm-none-eabi/7.3.1/../../../../arm-none-eabi/lib/thumb/v7-m/crt0.o
[...]
Memory Configuration

Name             Origin             Length             Attributes
RAM              0x0000000020000000 0x000000000000c000 xrw
FLASH            0x0000000008000000 0x0000000000040000 xr
*default*        0x0000000000000000 0xffffffffffffffff

Linker script and memory map

LOAD g:/st/stm32cubeide_1.0.2/stm32cubeide/plugins/com.st.stm32cube.ide.mcu.externaltools.gnu-tools-for-stm32.7-2018-q2-update.win32_1.0.0.201904181610/tools/bin/../lib/gcc/arm-none-eabi/7.3.1/thumb/v7-m/crti.o
LOAD g:/st/stm32cubeide_1.0.2/stm32cubeide/plugins/com.st.stm32cube.ide.mcu.externaltools.gnu-tools-for-stm32.7-2018-q2-update.win32_1.0.0.201904181610/tools/bin/../lib/gcc/arm-none-eabi/7.3.1/thumb/v7-m/crtbegin.o
LOAD g:/st/stm32cubeide_1.0.2/stm32cubeide/plugins/com.st.stm32cube.ide.mcu.externaltools.gnu-tools-for-stm32.7-2018-q2-update.win32_1.0.0.201904181610/tools/bin/../lib/gcc/arm-none-eabi/7.3.1/../../../../arm-none-eabi/lib/thumb/v7-m/crt0.o
LOAD Core/Src/main.o
LOAD Core/Src/stm32f1xx_it.o
LOAD Core/Src/syscalls.o
LOAD Core/Src/sysmem.o
LOAD Core/Src/system_stm32f1xx.o
LOAD Core/Startup/startup_stm32f103rctx.o
LOAD Drivers/STM32F1xx_HAL_Driver/Src/stm32f1xx_ll_exti.o
LOAD Drivers/STM32F1xx_HAL_Driver/Src/stm32f1xx_ll_gpio.o
LOAD Drivers/STM32F1xx_HAL_Driver/Src/stm32f1xx_ll_pwr.o
LOAD Drivers/STM32F1xx_HAL_Driver/Src/stm32f1xx_ll_rcc.o
LOAD Drivers/STM32F1xx_HAL_Driver/Src/stm32f1xx_ll_utils.o
LOAD Libraries/delay.o
START GROUP
LOAD g:/st/stm32cubeide_1.0.2/stm32cubeide/plugins/com.st.stm32cube.ide.mcu.externaltools.gnu-tools-for-stm32.7-2018-q2-update.win32_1.0.0.201904181610/tools/bin/../lib/gcc/arm-none-eabi/7.3.1/../../../../arm-none-eabi/lib/thumb/v7-m\libc_nano.a
LOAD g:/st/stm32cubeide_1.0.2/stm32cubeide/plugins/com.st.stm32cube.ide.mcu.externaltools.gnu-tools-for-stm32.7-2018-q2-update.win32_1.0.0.201904181610/tools/bin/../lib/gcc/arm-none-eabi/7.3.1/../../../../arm-none-eabi/lib/thumb/v7-m\libm.a
END GROUP
START GROUP
LOAD g:/st/stm32cubeide_1.0.2/stm32cubeide/plugins/com.st.stm32cube.ide.mcu.externaltools.gnu-tools-for-stm32.7-2018-q2-update.win32_1.0.0.201904181610/tools/bin/../lib/gcc/arm-none-eabi/7.3.1/thumb/v7-m\libgcc.a
LOAD g:/st/stm32cubeide_1.0.2/stm32cubeide/plugins/com.st.stm32cube.ide.mcu.externaltools.gnu-tools-for-stm32.7-2018-q2-update.win32_1.0.0.201904181610/tools/bin/../lib/gcc/arm-none-eabi/7.3.1/../../../../arm-none-eabi/lib/thumb/v7-m\libc_nano.a
END GROUP
START GROUP
LOAD g:/st/stm32cubeide_1.0.2/stm32cubeide/plugins/com.st.stm32cube.ide.mcu.externaltools.gnu-tools-for-stm32.7-2018-q2-update.win32_1.0.0.201904181610/tools/bin/../lib/gcc/arm-none-eabi/7.3.1/thumb/v7-m\libgcc.a
LOAD g:/st/stm32cubeide_1.0.2/stm32cubeide/plugins/com.st.stm32cube.ide.mcu.externaltools.gnu-tools-for-stm32.7-2018-q2-update.win32_1.0.0.201904181610/tools/bin/../lib/gcc/arm-none-eabi/7.3.1/../../../../arm-none-eabi/lib/thumb/v7-m\libc_nano.a
LOAD g:/st/stm32cubeide_1.0.2/stm32cubeide/plugins/com.st.stm32cube.ide.mcu.externaltools.gnu-tools-for-stm32.7-2018-q2-update.win32_1.0.0.201904181610/tools/bin/../lib/gcc/arm-none-eabi/7.3.1/../../../../arm-none-eabi/lib/thumb/v7-m\libnosys.a
END GROUP
START GROUP
LOAD g:/st/stm32cubeide_1.0.2/stm32cubeide/plugins/com.st.stm32cube.ide.mcu.externaltools.gnu-tools-for-stm32.7-2018-q2-update.win32_1.0.0.201904181610/tools/bin/../lib/gcc/arm-none-eabi/7.3.1/thumb/v7-m\libgcc.a
LOAD g:/st/stm32cubeide_1.0.2/stm32cubeide/plugins/com.st.stm32cube.ide.mcu.externaltools.gnu-tools-for-stm32.7-2018-q2-update.win32_1.0.0.201904181610/tools/bin/../lib/gcc/arm-none-eabi/7.3.1/../../../../arm-none-eabi/lib/thumb/v7-m\libc_nano.a
LOAD g:/st/stm32cubeide_1.0.2/stm32cubeide/plugins/com.st.stm32cube.ide.mcu.externaltools.gnu-tools-for-stm32.7-2018-q2-update.win32_1.0.0.201904181610/tools/bin/../lib/gcc/arm-none-eabi/7.3.1/../../../../arm-none-eabi/lib/thumb/v7-m\libnosys.a
END GROUP
LOAD g:/st/stm32cubeide_1.0.2/stm32cubeide/plugins/com.st.stm32cube.ide.mcu.externaltools.gnu-tools-for-stm32.7-2018-q2-update.win32_1.0.0.201904181610/tools/bin/../lib/gcc/arm-none-eabi/7.3.1/thumb/v7-m/crtend.o
LOAD g:/st/stm32cubeide_1.0.2/stm32cubeide/plugins/com.st.stm32cube.ide.mcu.externaltools.gnu-tools-for-stm32.7-2018-q2-update.win32_1.0.0.201904181610/tools/bin/../lib/gcc/arm-none-eabi/7.3.1/thumb/v7-m/crtn.o
                0x000000002000c000                _estack = (ORIGIN (RAM) + LENGTH (RAM))
                0x0000000000000200                _Min_Heap_Size = 0x200
                0x0000000000000400                _Min_Stack_Size = 0x400

.isr_vector     0x0000000008000000      0x1e4
                0x0000000008000000                . = ALIGN (0x4)
 *(.isr_vector)
 .isr_vector    0x0000000008000000      0x1e4 Core/Startup/startup_stm32f103rctx.o
                0x0000000008000000                g_pfnVectors
                0x00000000080001e4                . = ALIGN (0x4)

.text           0x00000000080001e4     0x1020
                0x00000000080001e4                . = ALIGN (0x4)
 *(.text)
 .text          0x00000000080001e4       0x40 g:/st/stm32cubeide_1.0.2/stm32cubeide/plugins/com.st.stm32cube.ide.mcu.externaltools.gnu-tools-for-stm32.7-2018-q2-update.win32_1.0.0.201904181610/tools/bin/../lib/gcc/arm-none-eabi/7.3.1/thumb/v7-m/crtbegin.o
 *(.text*)
 .text.__NVIC_SetPriorityGrouping
                0x0000000008000224       0x48 Core/Src/main.o
 .text.__NVIC_EnableIRQ
                0x000000000800026c       0x38 Core/Src/main.o
 .text.LL_RCC_HSI_Enable
                0x00000000080002a4       0x1c Core/Src/main.o
 .text.LL_RCC_HSI_IsReady
                0x00000000080002c0       0x24 Core/Src/main.o
 .text.LL_RCC_HSI_SetCalibTrimming
                0x00000000080002e4       0x28 Core/Src/main.o
 .text.LL_RCC_SetSysClkSource
                0x000000000800030c       0x28 Core/Src/main.o
 .text.LL_RCC_GetSysClkSource
                0x0000000008000334       0x18 Core/Src/main.o
 .text.LL_RCC_SetAHBPrescaler
                0x000000000800034c       0x28 Core/Src/main.o
 .text.LL_RCC_SetAPB1Prescaler
                0x0000000008000374       0x28 Core/Src/main.o
 .text.LL_RCC_SetAPB2Prescaler
                0x000000000800039c       0x28 Core/Src/main.o
 .text.LL_RCC_PLL_Enable
                0x00000000080003c4       0x1c Core/Src/main.o
 .text.LL_RCC_PLL_IsReady
                0x00000000080003e0       0x24 Core/Src/main.o
 .text.LL_RCC_PLL_ConfigDomain_SYS
                0x0000000008000404       0x30 Core/Src/main.o
 .text.LL_APB1_GRP1_EnableClock
                0x0000000008000434       0x30 Core/Src/main.o
 .text.LL_APB2_GRP1_EnableClock
                0x0000000008000464       0x30 Core/Src/main.o
 .text.LL_FLASH_SetLatency
                0x0000000008000494       0x28 Core/Src/main.o
 .text.LL_FLASH_GetLatency
                0x00000000080004bc       0x18 Core/Src/main.o
 .text.LL_SYSTICK_SetClkSource
                0x00000000080004d4       0x38 Core/Src/main.o
 .text.playerToLed
                0x000000000800050c       0xc4 Core/Src/main.o
                0x000000000800050c                playerToLed
 .text.waitForButtonInput
                0x00000000080005d0       0x90 Core/Src/main.o
                0x00000000080005d0                waitForButtonInput
 .text.clearBuffer
                0x0000000008000660       0x34 Core/Src/main.o
                0x0000000008000660                clearBuffer
 .text.checkForWinner
                0x0000000008000694      0x380 Core/Src/main.o
                0x0000000008000694                checkForWinner
 .text.LEDInteruptSetup
                0x0000000008000a14       0x74 Core/Src/main.o
                0x0000000008000a14                LEDInteruptSetup
 .text.main     0x0000000008000a88      0x38c Core/Src/main.o
                0x0000000008000a88                main
 .text.SystemClock_Config
                0x0000000008000e14       0x88 Core/Src/main.o
                0x0000000008000e14                SystemClock_Config
 .text.MX_GPIO_Init
                0x0000000008000e9c        0xe Core/Src/main.o
 *fill*         0x0000000008000eaa        0x2 
 .text.TIM6_IRQHandler
                0x0000000008000eac       0xcc Core/Src/main.o
                0x0000000008000eac                TIM6_IRQHandler
 .text.Error_Handler
                0x0000000008000f78        0xc Core/Src/main.o
                0x0000000008000f78                Error_Handler
 .text.NMI_Handler
                0x0000000008000f84        0xc Core/Src/stm32f1xx_it.o
                0x0000000008000f84                NMI_Handler
 .text.HardFault_Handler
                0x0000000008000f90        0x6 Core/Src/stm32f1xx_it.o
                0x0000000008000f90                HardFault_Handler
 .text.MemManage_Handler
                0x0000000008000f96        0x6 Core/Src/stm32f1xx_it.o
                0x0000000008000f96                MemManage_Handler
 .text.BusFault_Handler
                0x0000000008000f9c        0x6 Core/Src/stm32f1xx_it.o
                0x0000000008000f9c                BusFault_Handler
 .text.UsageFault_Handler
                0x0000000008000fa2        0x6 Core/Src/stm32f1xx_it.o
                0x0000000008000fa2                UsageFault_Handler
 .text.SVC_Handler
                0x0000000008000fa8        0xc Core/Src/stm32f1xx_it.o
                0x0000000008000fa8                SVC_Handler
 .text.DebugMon_Handler
                0x0000000008000fb4        0xc Core/Src/stm32f1xx_it.o
                0x0000000008000fb4                DebugMon_Handler
 .text.PendSV_Handler
                0x0000000008000fc0        0xc Core/Src/stm32f1xx_it.o
                0x0000000008000fc0                PendSV_Handler
 .text.SysTick_Handler
                0x0000000008000fcc        0xc Core/Src/stm32f1xx_it.o
                0x0000000008000fcc                SysTick_Handler
 .text.SystemInit
                0x0000000008000fd8       0x68 Core/Src/system_stm32f1xx.o
                0x0000000008000fd8                SystemInit
 .text.Reset_Handler
                0x0000000008001040       0x48 Core/Startup/startup_stm32f103rctx.o
                0x0000000008001040                Reset_Handler
 .text.Default_Handler
                0x0000000008001088        0x2 Core/Startup/startup_stm32f103rctx.o
                0x0000000008001088                RTC_Alarm_IRQHandler
                0x0000000008001088                EXTI2_IRQHandler
                0x0000000008001088                TIM8_TRG_COM_IRQHandler
                0x0000000008001088                TIM8_CC_IRQHandler
                0x0000000008001088                TIM1_CC_IRQHandler
                0x0000000008001088                PVD_IRQHandler
                0x0000000008001088                SDIO_IRQHandler
                0x0000000008001088                EXTI3_IRQHandler
                0x0000000008001088                EXTI0_IRQHandler
                0x0000000008001088                I2C2_EV_IRQHandler
                0x0000000008001088                ADC1_2_IRQHandler
                0x0000000008001088                SPI1_IRQHandler
                0x0000000008001088                TAMPER_IRQHandler
                0x0000000008001088                TIM8_UP_IRQHandler
                0x0000000008001088                DMA2_Channel2_IRQHandler
                0x0000000008001088                DMA1_Channel4_IRQHandler
                0x0000000008001088                USART3_IRQHandler
                0x0000000008001088                RTC_IRQHandler
                0x0000000008001088                DMA1_Channel7_IRQHandler
                0x0000000008001088                CAN1_RX1_IRQHandler
                0x0000000008001088                UART5_IRQHandler
                0x0000000008001088                ADC3_IRQHandler
                0x0000000008001088                TIM4_IRQHandler
                0x0000000008001088                DMA2_Channel1_IRQHandler
                0x0000000008001088                I2C1_EV_IRQHandler
                0x0000000008001088                DMA1_Channel6_IRQHandler
                0x0000000008001088                UART4_IRQHandler
                0x0000000008001088                TIM3_IRQHandler
                0x0000000008001088                RCC_IRQHandler
                0x0000000008001088                TIM1_TRG_COM_IRQHandler
                0x0000000008001088                DMA1_Channel1_IRQHandler
                0x0000000008001088                Default_Handler
                0x0000000008001088                EXTI15_10_IRQHandler
                0x0000000008001088                TIM7_IRQHandler
                0x0000000008001088                TIM5_IRQHandler
                0x0000000008001088                EXTI9_5_IRQHandler
                0x0000000008001088                SPI2_IRQHandler
                0x0000000008001088                DMA1_Channel5_IRQHandler
                0x0000000008001088                EXTI4_IRQHandler
                0x0000000008001088                USB_LP_CAN1_RX0_IRQHandler
                0x0000000008001088                USB_HP_CAN1_TX_IRQHandler
                0x0000000008001088                DMA1_Channel3_IRQHandler
                0x0000000008001088                FSMC_IRQHandler
                0x0000000008001088                TIM1_UP_IRQHandler
                0x0000000008001088                WWDG_IRQHandler
                0x0000000008001088                TIM2_IRQHandler
                0x0000000008001088                TIM1_BRK_IRQHandler
                0x0000000008001088                EXTI1_IRQHandler
                0x0000000008001088                DMA2_Channel4_5_IRQHandler
                0x0000000008001088                USART2_IRQHandler
                0x0000000008001088                I2C2_ER_IRQHandler
                0x0000000008001088                DMA1_Channel2_IRQHandler
                0x0000000008001088                TIM8_BRK_IRQHandler
                0x0000000008001088                CAN1_SCE_IRQHandler
                0x0000000008001088                FLASH_IRQHandler
                0x0000000008001088                USART1_IRQHandler
                0x0000000008001088                SPI3_IRQHandler
                0x0000000008001088                I2C1_ER_IRQHandler
                0x0000000008001088                USBWakeUp_IRQHandler
                0x0000000008001088                DMA2_Channel3_IRQHandler
 *fill*         0x000000000800108a        0x2 
 .text.LL_InitTick
                0x000000000800108c       0x34 Drivers/STM32F1xx_HAL_Driver/Src/stm32f1xx_ll_utils.o
 .text.LL_Init1msTick
                0x00000000080010c0       0x1a Drivers/STM32F1xx_HAL_Driver/Src/stm32f1xx_ll_utils.o
                0x00000000080010c0                LL_Init1msTick
 *fill*         0x00000000080010da        0x2 
 .text.LL_SetSystemCoreClock
                0x00000000080010dc       0x1c Drivers/STM32F1xx_HAL_Driver/Src/stm32f1xx_ll_utils.o
                0x00000000080010dc                LL_SetSystemCoreClock
 .text.delaySetup
                0x00000000080010f8       0x58 Libraries/delay.o
                0x00000000080010f8                delaySetup
 .text.delayMs  0x0000000008001150       0x54 Libraries/delay.o
                0x0000000008001150                delayMs
 .text.__libc_init_array
                0x00000000080011a4       0x48 g:/st/stm32cubeide_1.0.2/stm32cubeide/plugins/com.st.stm32cube.ide.mcu.externaltools.gnu-tools-for-stm32.7-2018-q2-update.win32_1.0.0.201904181610/tools/bin/../lib/gcc/arm-none-eabi/7.3.1/../../../../arm-none-eabi/lib/thumb/v7-m\libc_nano.a(lib_a-init.o)
                0x00000000080011a4                __libc_init_array
 *(.glue_7)
 .glue_7        0x00000000080011ec        0x0 linker stubs
 *(.glue_7t)
 .glue_7t       0x00000000080011ec        0x0 linker stubs
 *(.eh_frame)
 .eh_frame      0x00000000080011ec        0x0 g:/st/stm32cubeide_1.0.2/stm32cubeide/plugins/com.st.stm32cube.ide.mcu.externaltools.gnu-tools-for-stm32.7-2018-q2-update.win32_1.0.0.201904181610/tools/bin/../lib/gcc/arm-none-eabi/7.3.1/thumb/v7-m/crtbegin.o
 *(.init)
 .init          0x00000000080011ec        0x4 g:/st/stm32cubeide_1.0.2/stm32cubeide/plugins/com.st.stm32cube.ide.mcu.externaltools.gnu-tools-for-stm32.7-2018-q2-update.win32_1.0.0.201904181610/tools/bin/../lib/gcc/arm-none-eabi/7.3.1/thumb/v7-m/crti.o
                0x00000000080011ec                _init
 .init          0x00000000080011f0        0x8 g:/st/stm32cubeide_1.0.2/stm32cubeide/plugins/com.st.stm32cube.ide.mcu.externaltools.gnu-tools-for-stm32.7-2018-q2-update.win32_1.0.0.201904181610/tools/bin/../lib/gcc/arm-none-eabi/7.3.1/thumb/v7-m/crtn.o
 *(.fini)
 .fini          0x00000000080011f8        0x4 g:/st/stm32cubeide_1.0.2/stm32cubeide/plugins/com.st.stm32cube.ide.mcu.externaltools.gnu-tools-for-stm32.7-2018-q2-update.win32_1.0.0.201904181610/tools/bin/../lib/gcc/arm-none-eabi/7.3.1/thumb/v7-m/crti.o
                0x00000000080011f8                _fini
 .fini          0x00000000080011fc        0x8 g:/st/stm32cubeide_1.0.2/stm32cubeide/plugins/com.st.stm32cube.ide.mcu.externaltools.gnu-tools-for-stm32.7-2018-q2-update.win32_1.0.0.201904181610/tools/bin/../lib/gcc/arm-none-eabi/7.3.1/thumb/v7-m/crtn.o
                0x0000000008001204                . = ALIGN (0x4)
                0x0000000008001204                _etext = .

.vfp11_veneer   0x0000000008001204        0x0
 .vfp11_veneer  0x0000000008001204        0x0 linker stubs

.v4_bx          0x0000000008001204        0x0
 .v4_bx         0x0000000008001204        0x0 linker stubs

.iplt           0x0000000008001204        0x0
 .iplt          0x0000000008001204        0x0 g:/st/stm32cubeide_1.0.2/stm32cubeide/plugins/com.st.stm32cube.ide.mcu.externaltools.gnu-tools-for-stm32.7-2018-q2-update.win32_1.0.0.201904181610/tools/bin/../lib/gcc/arm-none-eabi/7.3.1/thumb/v7-m/crtbegin.o

.rel.dyn        0x0000000008001204        0x0
 .rel.iplt      0x0000000008001204        0x0 g:/st/stm32cubeide_1.0.2/stm32cubeide/plugins/com.st.stm32cube.ide.mcu.externaltools.gnu-tools-for-stm32.7-2018-q2-update.win32_1.0.0.201904181610/tools/bin/../lib/gcc/arm-none-eabi/7.3.1/thumb/v7-m/crtbegin.o

.rodata         0x0000000008001204        0x0
                0x0000000008001204                . = ALIGN (0x4)
 *(.rodata)
 *(.rodata*)
                0x0000000008001204                . = ALIGN (0x4)

.ARM.extab      0x0000000008001204        0x0
                0x0000000008001204                . = ALIGN (0x4)
 *(.ARM.extab* .gnu.linkonce.armextab.*)
                0x0000000008001204                . = ALIGN (0x4)

.ARM            0x0000000008001204        0x0
                0x0000000008001204                . = ALIGN (0x4)
                0x0000000008001204                __exidx_start = .
 *(.ARM.exidx*)
                0x0000000008001204                __exidx_end = .
                0x0000000008001204                . = ALIGN (0x4)

.preinit_array  0x0000000008001204        0x0
                0x0000000008001204                . = ALIGN (0x4)
                0x0000000008001204                PROVIDE (__preinit_array_start = .)
 *(.preinit_array*)
                0x0000000008001204                PROVIDE (__preinit_array_end = .)
                0x0000000008001204                . = ALIGN (0x4)

.init_array     0x0000000008001204        0x4
                0x0000000008001204                . = ALIGN (0x4)
                0x0000000008001204                PROVIDE (__init_array_start = .)
 *(SORT_BY_NAME(.init_array.*))
 *(.init_array*)
 .init_array    0x0000000008001204        0x4 g:/st/stm32cubeide_1.0.2/stm32cubeide/plugins/com.st.stm32cube.ide.mcu.externaltools.gnu-tools-for-stm32.7-2018-q2-update.win32_1.0.0.201904181610/tools/bin/../lib/gcc/arm-none-eabi/7.3.1/thumb/v7-m/crtbegin.o
                0x0000000008001208                PROVIDE (__init_array_end = .)
                0x0000000008001208                . = ALIGN (0x4)

.fini_array     0x0000000008001208        0x4
                0x0000000008001208                . = ALIGN (0x4)
                [!provide]                        PROVIDE (__fini_array_start = .)
 *(SORT_BY_NAME(.fini_array.*))
 *(.fini_array*)
 .fini_array    0x0000000008001208        0x4 g:/st/stm32cubeide_1.0.2/stm32cubeide/plugins/com.st.stm32cube.ide.mcu.externaltools.gnu-tools-for-stm32.7-2018-q2-update.win32_1.0.0.201904181610/tools/bin/../lib/gcc/arm-none-eabi/7.3.1/thumb/v7-m/crtbegin.o
                [!provide]                        PROVIDE (__fini_array_end = .)
                0x000000000800120c                . = ALIGN (0x4)
                0x000000000800120c                _sidata = LOADADDR (.data)

.data           0x0000000020000000        0x4 load address 0x000000000800120c
                0x0000000020000000                . = ALIGN (0x4)
                0x0000000020000000                _sdata = .
 *(.data)
 *(.data*)
 .data.SystemCoreClock
                0x0000000020000000        0x4 Core/Src/system_stm32f1xx.o
                0x0000000020000000                SystemCoreClock
                0x0000000020000004                . = ALIGN (0x4)
                0x0000000020000004                _edata = .

.igot.plt       0x0000000020000004        0x0 load address 0x0000000008001210
 .igot.plt      0x0000000020000004        0x0 g:/st/stm32cubeide_1.0.2/stm32cubeide/plugins/com.st.stm32cube.ide.mcu.externaltools.gnu-tools-for-stm32.7-2018-q2-update.win32_1.0.0.201904181610/tools/bin/../lib/gcc/arm-none-eabi/7.3.1/thumb/v7-m/crtbegin.o
                0x0000000020000004                . = ALIGN (0x4)

.bss            0x0000000020000004       0x44 load address 0x0000000008001210
                0x0000000020000004                _sbss = .
                0x0000000020000004                __bss_start__ = _sbss
 *(.bss)
 .bss           0x0000000020000004       0x1c g:/st/stm32cubeide_1.0.2/stm32cubeide/plugins/com.st.stm32cube.ide.mcu.externaltools.gnu-tools-for-stm32.7-2018-q2-update.win32_1.0.0.201904181610/tools/bin/../lib/gcc/arm-none-eabi/7.3.1/thumb/v7-m/crtbegin.o
 *(.bss*)
 .bss.active_player
                0x0000000020000020        0x1 Core/Src/main.o
                0x0000000020000020                active_player
 .bss.InteruptRowCounter
                0x0000000020000021        0x1 Core/Src/main.o
                0x0000000020000021                InteruptRowCounter
 *(COMMON)
 *fill*         0x0000000020000022        0x2 
 COMMON         0x0000000020000024       0x24 Core/Src/main.o
                0x0000000020000024                players
                0x0000000020000030                LED
                0x0000000020000048                . = ALIGN (0x4)
                0x0000000020000048                _ebss = .
                0x0000000020000048                __bss_end__ = _ebss

._user_heap_stack
                0x0000000020000048      0x600 load address 0x0000000008001210
                0x0000000020000048                . = ALIGN (0x8)
                0x0000000020000048                PROVIDE (end = .)
                [!provide]                        PROVIDE (_end = .)
                0x0000000020000248                . = (. + _Min_Heap_Size)
 *fill*         0x0000000020000048      0x200 
                0x0000000020000648                . = (. + _Min_Stack_Size)
 *fill*         0x0000000020000248      0x400 
                0x0000000020000648                . = ALIGN (0x8)

/DISCARD/
 libc.a(*)
 libm.a(*)
 libgcc.a(*)

.ARM.attributes
                0x0000000000000000       0x29
 *(.ARM.attributes)
 .ARM.attributes
                0x0000000000000000       0x1d g:/st/stm32cubeide_1.0.2/stm32cubeide/plugins/com.st.stm32cube.ide.mcu.externaltools.gnu-tools-for-stm32.7-2018-q2-update.win32_1.0.0.201904181610/tools/bin/../lib/gcc/arm-none-eabi/7.3.1/thumb/v7-m/crti.o
 .ARM.attributes
                0x000000000000001d       0x2d g:/st/stm32cubeide_1.0.2/stm32cubeide/plugins/com.st.stm32cube.ide.mcu.externaltools.gnu-tools-for-stm32.7-2018-q2-update.win32_1.0.0.201904181610/tools/bin/../lib/gcc/arm-none-eabi/7.3.1/thumb/v7-m/crtbegin.o
 .ARM.attributes
                0x000000000000004a       0x33 Core/Src/main.o
 .ARM.attributes
                0x000000000000007d       0x33 Core/Src/stm32f1xx_it.o
 .ARM.attributes
                0x00000000000000b0       0x33 Core/Src/system_stm32f1xx.o
 .ARM.attributes
                0x00000000000000e3       0x21 Core/Startup/startup_stm32f103rctx.o
 .ARM.attributes
                0x0000000000000104       0x33 Drivers/STM32F1xx_HAL_Driver/Src/stm32f1xx_ll_utils.o
 .ARM.attributes
                0x0000000000000137       0x33 Libraries/delay.o
 .ARM.attributes
                0x000000000000016a       0x2d g:/st/stm32cubeide_1.0.2/stm32cubeide/plugins/com.st.stm32cube.ide.mcu.externaltools.gnu-tools-for-stm32.7-2018-q2-update.win32_1.0.0.201904181610/tools/bin/../lib/gcc/arm-none-eabi/7.3.1/../../../../arm-none-eabi/lib/thumb/v7-m\libc_nano.a(lib_a-init.o)
 .ARM.attributes
                0x0000000000000197       0x1d g:/st/stm32cubeide_1.0.2/stm32cubeide/plugins/com.st.stm32cube.ide.mcu.externaltools.gnu-tools-for-stm32.7-2018-q2-update.win32_1.0.0.201904181610/tools/bin/../lib/gcc/arm-none-eabi/7.3.1/thumb/v7-m/crtn.o
OUTPUT(Game_1.elf elf32-littlearm)

.debug_info     0x0000000000000000     0x20ec
 .debug_info    0x0000000000000000     0x1075 Core/Src/main.o
 .debug_info    0x0000000000001075      0x1f3 Core/Src/stm32f1xx_it.o
 .debug_info    0x0000000000001268      0x3e5 Core/Src/system_stm32f1xx.o
 .debug_info    0x000000000000164d       0x22 Core/Startup/startup_stm32f103rctx.o
 .debug_info    0x000000000000166f      0x775 Drivers/STM32F1xx_HAL_Driver/Src/stm32f1xx_ll_utils.o
 .debug_info    0x0000000000001de4      0x308 Libraries/delay.o

.debug_abbrev   0x0000000000000000      0x82b
 .debug_abbrev  0x0000000000000000      0x32b Core/Src/main.o
 .debug_abbrev  0x000000000000032b       0xb4 Core/Src/stm32f1xx_it.o
 .debug_abbrev  0x00000000000003df      0x134 Core/Src/system_stm32f1xx.o
 .debug_abbrev  0x0000000000000513       0x12 Core/Startup/startup_stm32f103rctx.o
 .debug_abbrev  0x0000000000000525      0x211 Drivers/STM32F1xx_HAL_Driver/Src/stm32f1xx_ll_utils.o
 .debug_abbrev  0x0000000000000736       0xf5 Libraries/delay.o

.debug_aranges  0x0000000000000000      0x2c8
 .debug_aranges
                0x0000000000000000      0x100 Core/Src/main.o
 .debug_aranges
                0x0000000000000100       0x60 Core/Src/stm32f1xx_it.o
 .debug_aranges
                0x0000000000000160       0x28 Core/Src/system_stm32f1xx.o
 .debug_aranges
                0x0000000000000188       0x28 Core/Startup/startup_stm32f103rctx.o
 .debug_aranges
                0x00000000000001b0       0xf0 Drivers/STM32F1xx_HAL_Driver/Src/stm32f1xx_ll_utils.o
 .debug_aranges
                0x00000000000002a0       0x28 Libraries/delay.o

.debug_ranges   0x0000000000000000      0x270
 .debug_ranges  0x0000000000000000       0xf0 Core/Src/main.o
 .debug_ranges  0x00000000000000f0       0x50 Core/Src/stm32f1xx_it.o
 .debug_ranges  0x0000000000000140       0x18 Core/Src/system_stm32f1xx.o
 .debug_ranges  0x0000000000000158       0x20 Core/Startup/startup_stm32f103rctx.o
 .debug_ranges  0x0000000000000178       0xe0 Drivers/STM32F1xx_HAL_Driver/Src/stm32f1xx_ll_utils.o
 .debug_ranges  0x0000000000000258       0x18 Libraries/delay.o

.debug_macro    0x0000000000000000    0x12b94
 .debug_macro   0x0000000000000000      0x19e Core/Src/main.o
 .debug_macro   0x000000000000019e      0xa8a Core/Src/main.o
 .debug_macro   0x0000000000000c28       0x2e Core/Src/main.o
 .debug_macro   0x0000000000000c56       0x22 Core/Src/main.o
 .debug_macro   0x0000000000000c78       0x22 Core/Src/main.o
 .debug_macro   0x0000000000000c9a       0x8e Core/Src/main.o
 .debug_macro   0x0000000000000d28       0x51 Core/Src/main.o
 .debug_macro   0x0000000000000d79       0xef Core/Src/main.o
 .debug_macro   0x0000000000000e68       0x6a Core/Src/main.o
 .debug_macro   0x0000000000000ed2      0x1df Core/Src/main.o
 .debug_macro   0x00000000000010b1       0x1c Core/Src/main.o
 .debug_macro   0x00000000000010cd       0x22 Core/Src/main.o
 .debug_macro   0x00000000000010ef       0xc3 Core/Src/main.o
 .debug_macro   0x00000000000011b2      0xd23 Core/Src/main.o
 .debug_macro   0x0000000000001ed5     0xfd8c Core/Src/main.o
 .debug_macro   0x0000000000011c61       0x43 Core/Src/main.o
 .debug_macro   0x0000000000011ca4      0x2b8 Core/Src/main.o
 .debug_macro   0x0000000000011f5c      0x135 Core/Src/main.o
 .debug_macro   0x0000000000012091       0x8d Core/Src/main.o
 .debug_macro   0x000000000001211e       0xd0 Core/Src/main.o
 .debug_macro   0x00000000000121ee       0x28 Core/Src/main.o
 .debug_macro   0x0000000000012216       0x2a Core/Src/main.o
 .debug_macro   0x0000000000012240       0x90 Core/Src/main.o
 .debug_macro   0x00000000000122d0      0x287 Core/Src/main.o
 .debug_macro   0x0000000000012557      0x22a Core/Src/main.o
 .debug_macro   0x0000000000012781       0x22 Core/Src/main.o
 .debug_macro   0x00000000000127a3      0x136 Core/Src/stm32f1xx_it.o
 .debug_macro   0x00000000000128d9       0xc2 Core/Src/system_stm32f1xx.o
 .debug_macro   0x000000000001299b      0x133 Drivers/STM32F1xx_HAL_Driver/Src/stm32f1xx_ll_utils.o
 .debug_macro   0x0000000000012ace       0xc6 Libraries/delay.o

.debug_line     0x0000000000000000     0x20b7
 .debug_line    0x0000000000000000      0x9f6 Core/Src/main.o
 .debug_line    0x00000000000009f6      0x617 Core/Src/stm32f1xx_it.o
 .debug_line    0x000000000000100d      0x48d Core/Src/system_stm32f1xx.o
 .debug_line    0x000000000000149a       0x84 Core/Startup/startup_stm32f103rctx.o
 .debug_line    0x000000000000151e      0x729 Drivers/STM32F1xx_HAL_Driver/Src/stm32f1xx_ll_utils.o
 .debug_line    0x0000000000001c47      0x470 Libraries/delay.o

.debug_str      0x0000000000000000    0x65be3
 .debug_str     0x0000000000000000    0x64f8c Core/Src/main.o
                                      0x653b3 (size before relaxing)
 .debug_str     0x0000000000064f8c       0xbd Core/Src/stm32f1xx_it.o
                                      0x64909 (size before relaxing)
 .debug_str     0x0000000000065049       0x74 Core/Src/system_stm32f1xx.o
                                      0x5fbc5 (size before relaxing)
 .debug_str     0x00000000000650bd       0x36 Core/Startup/startup_stm32f103rctx.o
                                         0x6e (size before relaxing)
 .debug_str     0x00000000000650f3      0xac8 Drivers/STM32F1xx_HAL_Driver/Src/stm32f1xx_ll_utils.o
                                      0x61d8b (size before relaxing)
 .debug_str     0x0000000000065bbb       0x28 Libraries/delay.o
                                      0x5fb6a (size before relaxing)

.comment        0x0000000000000000       0x7b
 .comment       0x0000000000000000       0x7b Core/Src/main.o
                                         0x7c (size before relaxing)
 .comment       0x000000000000007b       0x7c Core/Src/stm32f1xx_it.o
 .comment       0x000000000000007b       0x7c Core/Src/system_stm32f1xx.o
 .comment       0x000000000000007b       0x7c Drivers/STM32F1xx_HAL_Driver/Src/stm32f1xx_ll_utils.o
 .comment       0x000000000000007b       0x7c Libraries/delay.o

.debug_frame    0x0000000000000000      0x9f8
 .debug_frame   0x0000000000000000      0x430 Core/Src/main.o
 .debug_frame   0x0000000000000430      0x110 Core/Src/stm32f1xx_it.o
 .debug_frame   0x0000000000000540       0x58 Core/Src/system_stm32f1xx.o
 .debug_frame   0x0000000000000598      0x3dc Drivers/STM32F1xx_HAL_Driver/Src/stm32f1xx_ll_utils.o
 .debug_frame   0x0000000000000974       0x58 Libraries/delay.o
 .debug_frame   0x00000000000009cc       0x2c g:/st/stm32cubeide_1.0.2/stm32cubeide/plugins/com.st.stm32cube.ide.mcu.externaltools.gnu-tools-for-stm32.7-2018-q2-update.win32_1.0.0.201904181610/tools/bin/../lib/gcc/arm-none-eabi/7.3.1/../../../../arm-none-eabi/lib/thumb/v7-m\libc_nano.a(lib_a-init.o)
