15:26:41 **** Incremental Build of configuration Debug for project TheGame_1 ****
make -j4 all 
Building file: ../src/main.c
Invoking: MCU GCC Compiler
F:\Projects\Connect4 Board\STM Code\AC6 Workbench\TheGame_1\Debug
arm-none-eabi-gcc -mcpu=cortex-m3 -mthumb -mfloat-abi=soft -DSTM32 -DSTM32F1 -DSTM32F103RCTx -DDEBUG -DSTM32F10X_HD -DUSE_STDPERIPH_DRIVER -I"F:/Projects/Connect4 Board/STM Code/AC6 Workbench/TheGame_1/StdPeriph_Driver/inc" -I"F:/Projects/Connect4 Board/STM Code/AC6 Workbench/TheGame_1/Libraries" -I"F:/Projects/Connect4 Board/STM Code/AC6 Workbench/TheGame_1/inc" -I"F:/Projects/Connect4 Board/STM Code/AC6 Workbench/TheGame_1/CMSIS/device" -I"F:/Projects/Connect4 Board/STM Code/AC6 Workbench/TheGame_1/CMSIS/core" -O0 -g3 -Wall -fmessage-length=0 -ffunction-sections -c -MMD -MP -MF"src/main.d" -MT"src/main.o" -o "src/main.o" "../src/main.c"
Finished building: ../src/main.c
 
Building target: TheGame_1.elf
Invoking: MCU GCC Linker
arm-none-eabi-gcc -mcpu=cortex-m3 -mthumb -mfloat-abi=soft -T"F:/Projects/Connect4 Board/STM Code/AC6 Workbench/TheGame_1/LinkerScript.ld" -Wl,-Map=output.map -Wl,--gc-sections -o "TheGame_1.elf" @"objects.list"   -lm
Finished building target: TheGame_1.elf
 
make --no-print-directory post-build
Generating binary and Printing size information:
arm-none-eabi-objcopy -O binary "TheGame_1.elf" "TheGame_1.bin"
arm-none-eabi-size "TheGame_1.elf"
   text	   data	    bss	    dec	    hex	filename
   2656	   1080	   1132	   4868	   1304	TheGame_1.elf
 
15:27:08 **** Incremental Build of configuration Debug for project TheGame_1 ****
make -j4 all 
make: Nothing to be done for 'all'.
15:27:52 **** Incremental Build of configuration Debug for project TheGame_1 ****
make -j4 all 
Building file: ../src/main.c
Invoking: MCU GCC Compiler
F:\Projects\Connect4 Board\STM Code\AC6 Workbench\TheGame_1\Debug
arm-none-eabi-gcc -mcpu=cortex-m3 -mthumb -mfloat-abi=soft -DSTM32 -DSTM32F1 -DSTM32F103RCTx -DDEBUG -DSTM32F10X_HD -DUSE_STDPERIPH_DRIVER -I"F:/Projects/Connect4 Board/STM Code/AC6 Workbench/TheGame_1/StdPeriph_Driver/inc" -I"F:/Projects/Connect4 Board/STM Code/AC6 Workbench/TheGame_1/Libraries" -I"F:/Projects/Connect4 Board/STM Code/AC6 Workbench/TheGame_1/inc" -I"F:/Projects/Connect4 Board/STM Code/AC6 Workbench/TheGame_1/CMSIS/device" -I"F:/Projects/Connect4 Board/STM Code/AC6 Workbench/TheGame_1/CMSIS/core" -O0 -g3 -Wall -fmessage-length=0 -ffunction-sections -c -MMD -MP -MF"src/main.d" -MT"src/main.o" -o "src/main.o" "../src/main.c"
Finished building: ../src/main.c
 
Building target: TheGame_1.elf
Invoking: MCU GCC Linker
arm-none-eabi-gcc -mcpu=cortex-m3 -mthumb -mfloat-abi=soft -T"F:/Projects/Connect4 Board/STM Code/AC6 Workbench/TheGame_1/LinkerScript.ld" -Wl,-Map=output.map -Wl,--gc-sections -o "TheGame_1.elf" @"objects.list"   -lm
Finished building target: TheGame_1.elf
 
make --no-print-directory post-build
Generating binary and Printing size information:
arm-none-eabi-objcopy -O binary "TheGame_1.elf" "TheGame_1.bin"
arm-none-eabi-size "TheGame_1.elf"
   text	   data	    bss	    dec	    hex	filename
   2692	   1080	   1132	   4904	   1328	TheGame_1.elf
 
15:28:03 **** Incremental Build of configuration Debug for project TheGame_1 ****
make -j4 all 
Building file: ../src/main.c
Invoking: MCU GCC Compiler
F:\Projects\Connect4 Board\STM Code\AC6 Workbench\TheGame_1\Debug
arm-none-eabi-gcc -mcpu=cortex-m3 -mthumb -mfloat-abi=soft -DSTM32 -DSTM32F1 -DSTM32F103RCTx -DDEBUG -DSTM32F10X_HD -DUSE_STDPERIPH_DRIVER -I"F:/Projects/Connect4 Board/STM Code/AC6 Workbench/TheGame_1/StdPeriph_Driver/inc" -I"F:/Projects/Connect4 Board/STM Code/AC6 Workbench/TheGame_1/Libraries" -I"F:/Projects/Connect4 Board/STM Code/AC6 Workbench/TheGame_1/inc" -I"F:/Projects/Connect4 Board/STM Code/AC6 Workbench/TheGame_1/CMSIS/device" -I"F:/Projects/Connect4 Board/STM Code/AC6 Workbench/TheGame_1/CMSIS/core" -O0 -g3 -Wall -fmessage-length=0 -ffunction-sections -c -MMD -MP -MF"src/main.d" -MT"src/main.o" -o "src/main.o" "../src/main.c"
Finished building: ../src/main.c
 
Building target: TheGame_1.elf
Invoking: MCU GCC Linker
arm-none-eabi-gcc -mcpu=cortex-m3 -mthumb -mfloat-abi=soft -T"F:/Projects/Connect4 Board/STM Code/AC6 Workbench/TheGame_1/LinkerScript.ld" -Wl,-Map=output.map -Wl,--gc-sections -o "TheGame_1.elf" @"objects.list"   -lm
Finished building target: TheGame_1.elf
 
make --no-print-directory post-build
Generating binary and Printing size information:
arm-none-eabi-objcopy -O binary "TheGame_1.elf" "TheGame_1.bin"
arm-none-eabi-size "TheGame_1.elf"
   text	   data	    bss	    dec	    hex	filename
   2692	   1080	   1132	   4904	   1328	TheGame_1.elf
 
15:28:22 **** Incremental Build of configuration Debug for project TheGame_1 ****
make -j4 all 
Building file: ../src/main.c
Invoking: MCU GCC Compiler
F:\Projects\Connect4 Board\STM Code\AC6 Workbench\TheGame_1\Debug
arm-none-eabi-gcc -mcpu=cortex-m3 -mthumb -mfloat-abi=soft -DSTM32 -DSTM32F1 -DSTM32F103RCTx -DDEBUG -DSTM32F10X_HD -DUSE_STDPERIPH_DRIVER -I"F:/Projects/Connect4 Board/STM Code/AC6 Workbench/TheGame_1/StdPeriph_Driver/inc" -I"F:/Projects/Connect4 Board/STM Code/AC6 Workbench/TheGame_1/Libraries" -I"F:/Projects/Connect4 Board/STM Code/AC6 Workbench/TheGame_1/inc" -I"F:/Projects/Connect4 Board/STM Code/AC6 Workbench/TheGame_1/CMSIS/device" -I"F:/Projects/Connect4 Board/STM Code/AC6 Workbench/TheGame_1/CMSIS/core" -O0 -g3 -Wall -fmessage-length=0 -ffunction-sections -c -MMD -MP -MF"src/main.d" -MT"src/main.o" -o "src/main.o" "../src/main.c"
Finished building: ../src/main.c
 
Building target: TheGame_1.elf
Invoking: MCU GCC Linker
arm-none-eabi-gcc -mcpu=cortex-m3 -mthumb -mfloat-abi=soft -T"F:/Projects/Connect4 Board/STM Code/AC6 Workbench/TheGame_1/LinkerScript.ld" -Wl,-Map=output.map -Wl,--gc-sections -o "TheGame_1.elf" @"objects.list"   -lm
Finished building target: TheGame_1.elf
 
make --no-print-directory post-build
Generating binary and Printing size information:
arm-none-eabi-objcopy -O binary "TheGame_1.elf" "TheGame_1.bin"
arm-none-eabi-size "TheGame_1.elf"
   text	   data	    bss	    dec	    hex	filename
   2692	   1080	   1132	   4904	   1328	TheGame_1.elf
 
15:38:03 **** Incremental Build of configuration Debug for project TheGame_1 ****
make -j4 all 
Building file: ../src/main.c
Invoking: MCU GCC Compiler
F:\Projects\Connect4 Board\STM Code\AC6 Workbench\TheGame_1\Debug
arm-none-eabi-gcc -mcpu=cortex-m3 -mthumb -mfloat-abi=soft -DSTM32 -DSTM32F1 -DSTM32F103RCTx -DDEBUG -DSTM32F10X_HD -DUSE_STDPERIPH_DRIVER -I"F:/Projects/Connect4 Board/STM Code/AC6 Workbench/TheGame_1/StdPeriph_Driver/inc" -I"F:/Projects/Connect4 Board/STM Code/AC6 Workbench/TheGame_1/Libraries" -I"F:/Projects/Connect4 Board/STM Code/AC6 Workbench/TheGame_1/inc" -I"F:/Projects/Connect4 Board/STM Code/AC6 Workbench/TheGame_1/CMSIS/device" -I"F:/Projects/Connect4 Board/STM Code/AC6 Workbench/TheGame_1/CMSIS/core" -O0 -g3 -Wall -fmessage-length=0 -ffunction-sections -c -MMD -MP -MF"src/main.d" -MT"src/main.o" -o "src/main.o" "../src/main.c"
../src/main.c: In function 'checkForWinner':
../src/main.c:131:32: warning: suggest parentheses around comparison in operand of '&' [-Wparentheses]
    if((players[r]>>(c*2))&0b11 == (players[r+1]>>(c*2))&0b11){
                           ~~~~~^~~~~~~~~~~~~~~~~~~~~~~~
Finished building: ../src/main.c
 
Building target: TheGame_1.elf
Invoking: MCU GCC Linker
arm-none-eabi-gcc -mcpu=cortex-m3 -mthumb -mfloat-abi=soft -T"F:/Projects/Connect4 Board/STM Code/AC6 Workbench/TheGame_1/LinkerScript.ld" -Wl,-Map=output.map -Wl,--gc-sections -o "TheGame_1.elf" @"objects.list"   -lm
Finished building target: TheGame_1.elf
 
make --no-print-directory post-build
Generating binary and Printing size information:
arm-none-eabi-objcopy -O binary "TheGame_1.elf" "TheGame_1.bin"
arm-none-eabi-size "TheGame_1.elf"
   text	   data	    bss	    dec	    hex	filename
   2924	   1080	   1132	   5136	   1410	TheGame_1.elf
 
15:38:27 **** Incremental Build of configuration Debug for project TheGame_1 ****
make -j4 all 
Building file: ../src/main.c
Invoking: MCU GCC Compiler
F:\Projects\Connect4 Board\STM Code\AC6 Workbench\TheGame_1\Debug
arm-none-eabi-gcc -mcpu=cortex-m3 -mthumb -mfloat-abi=soft -DSTM32 -DSTM32F1 -DSTM32F103RCTx -DDEBUG -DSTM32F10X_HD -DUSE_STDPERIPH_DRIVER -I"F:/Projects/Connect4 Board/STM Code/AC6 Workbench/TheGame_1/StdPeriph_Driver/inc" -I"F:/Projects/Connect4 Board/STM Code/AC6 Workbench/TheGame_1/Libraries" -I"F:/Projects/Connect4 Board/STM Code/AC6 Workbench/TheGame_1/inc" -I"F:/Projects/Connect4 Board/STM Code/AC6 Workbench/TheGame_1/CMSIS/device" -I"F:/Projects/Connect4 Board/STM Code/AC6 Workbench/TheGame_1/CMSIS/core" -O0 -g3 -Wall -fmessage-length=0 -ffunction-sections -c -MMD -MP -MF"src/main.d" -MT"src/main.o" -o "src/main.o" "../src/main.c"
Finished building: ../src/main.c
 
Building target: TheGame_1.elf
Invoking: MCU GCC Linker
arm-none-eabi-gcc -mcpu=cortex-m3 -mthumb -mfloat-abi=soft -T"F:/Projects/Connect4 Board/STM Code/AC6 Workbench/TheGame_1/LinkerScript.ld" -Wl,-Map=output.map -Wl,--gc-sections -o "TheGame_1.elf" @"objects.list"   -lm
Finished building target: TheGame_1.elf
 
make --no-print-directory post-build
Generating binary and Printing size information:
arm-none-eabi-objcopy -O binary "TheGame_1.elf" "TheGame_1.bin"
arm-none-eabi-size "TheGame_1.elf"
   text	   data	    bss	    dec	    hex	filename
   2912	   1080	   1132	   5124	   1404	TheGame_1.elf
 
15:40:00 **** Incremental Build of configuration Debug for project TheGame_1 ****
make -j4 all 
Building file: ../src/main.c
Invoking: MCU GCC Compiler
F:\Projects\Connect4 Board\STM Code\AC6 Workbench\TheGame_1\Debug
arm-none-eabi-gcc -mcpu=cortex-m3 -mthumb -mfloat-abi=soft -DSTM32 -DSTM32F1 -DSTM32F103RCTx -DDEBUG -DSTM32F10X_HD -DUSE_STDPERIPH_DRIVER -I"F:/Projects/Connect4 Board/STM Code/AC6 Workbench/TheGame_1/StdPeriph_Driver/inc" -I"F:/Projects/Connect4 Board/STM Code/AC6 Workbench/TheGame_1/Libraries" -I"F:/Projects/Connect4 Board/STM Code/AC6 Workbench/TheGame_1/inc" -I"F:/Projects/Connect4 Board/STM Code/AC6 Workbench/TheGame_1/CMSIS/device" -I"F:/Projects/Connect4 Board/STM Code/AC6 Workbench/TheGame_1/CMSIS/core" -O0 -g3 -Wall -fmessage-length=0 -ffunction-sections -c -MMD -MP -MF"src/main.d" -MT"src/main.o" -o "src/main.o" "../src/main.c"
Finished building: ../src/main.c
 
Building target: TheGame_1.elf
Invoking: MCU GCC Linker
arm-none-eabi-gcc -mcpu=cortex-m3 -mthumb -mfloat-abi=soft -T"F:/Projects/Connect4 Board/STM Code/AC6 Workbench/TheGame_1/LinkerScript.ld" -Wl,-Map=output.map -Wl,--gc-sections -o "TheGame_1.elf" @"objects.list"   -lm
Finished building target: TheGame_1.elf
 
make --no-print-directory post-build
Generating binary and Printing size information:
arm-none-eabi-objcopy -O binary "TheGame_1.elf" "TheGame_1.bin"
arm-none-eabi-size "TheGame_1.elf"
   text	   data	    bss	    dec	    hex	filename
   2912	   1080	   1132	   5124	   1404	TheGame_1.elf
 
15:41:05 **** Incremental Build of configuration Debug for project TheGame_1 ****
make -j4 all 
Building file: ../src/main.c
Invoking: MCU GCC Compiler
F:\Projects\Connect4 Board\STM Code\AC6 Workbench\TheGame_1\Debug
arm-none-eabi-gcc -mcpu=cortex-m3 -mthumb -mfloat-abi=soft -DSTM32 -DSTM32F1 -DSTM32F103RCTx -DDEBUG -DSTM32F10X_HD -DUSE_STDPERIPH_DRIVER -I"F:/Projects/Connect4 Board/STM Code/AC6 Workbench/TheGame_1/StdPeriph_Driver/inc" -I"F:/Projects/Connect4 Board/STM Code/AC6 Workbench/TheGame_1/Libraries" -I"F:/Projects/Connect4 Board/STM Code/AC6 Workbench/TheGame_1/inc" -I"F:/Projects/Connect4 Board/STM Code/AC6 Workbench/TheGame_1/CMSIS/device" -I"F:/Projects/Connect4 Board/STM Code/AC6 Workbench/TheGame_1/CMSIS/core" -O0 -g3 -Wall -fmessage-length=0 -ffunction-sections -c -MMD -MP -MF"src/main.d" -MT"src/main.o" -o "src/main.o" "../src/main.c"
Finished building: ../src/main.c
 
Building target: TheGame_1.elf
Invoking: MCU GCC Linker
arm-none-eabi-gcc -mcpu=cortex-m3 -mthumb -mfloat-abi=soft -T"F:/Projects/Connect4 Board/STM Code/AC6 Workbench/TheGame_1/LinkerScript.ld" -Wl,-Map=output.map -Wl,--gc-sections -o "TheGame_1.elf" @"objects.list"   -lm
Finished building target: TheGame_1.elf
 
make --no-print-directory post-build
Generating binary and Printing size information:
arm-none-eabi-objcopy -O binary "TheGame_1.elf" "TheGame_1.bin"
arm-none-eabi-size "TheGame_1.elf"
   text	   data	    bss	    dec	    hex	filename
   2912	   1080	   1132	   5124	   1404	TheGame_1.elf
 
15:45:01 **** Incremental Build of configuration Debug for project TheGame_1 ****
make -j4 all 
make: Nothing to be done for 'all'.
15:48:56 **** Incremental Build of configuration Debug for project TheGame_1 ****
make -j4 all 
Building file: ../src/main.c
Invoking: MCU GCC Compiler
F:\Projects\Connect4 Board\STM Code\AC6 Workbench\TheGame_1\Debug
arm-none-eabi-gcc -mcpu=cortex-m3 -mthumb -mfloat-abi=soft -DSTM32 -DSTM32F1 -DSTM32F103RCTx -DDEBUG -DSTM32F10X_HD -DUSE_STDPERIPH_DRIVER -I"F:/Projects/Connect4 Board/STM Code/AC6 Workbench/TheGame_1/StdPeriph_Driver/inc" -I"F:/Projects/Connect4 Board/STM Code/AC6 Workbench/TheGame_1/Libraries" -I"F:/Projects/Connect4 Board/STM Code/AC6 Workbench/TheGame_1/inc" -I"F:/Projects/Connect4 Board/STM Code/AC6 Workbench/TheGame_1/CMSIS/device" -I"F:/Projects/Connect4 Board/STM Code/AC6 Workbench/TheGame_1/CMSIS/core" -O0 -g3 -Wall -fmessage-length=0 -ffunction-sections -c -MMD -MP -MF"src/main.d" -MT"src/main.o" -o "src/main.o" "../src/main.c"
Finished building: ../src/main.c
 
Building target: TheGame_1.elf
Invoking: MCU GCC Linker
arm-none-eabi-gcc -mcpu=cortex-m3 -mthumb -mfloat-abi=soft -T"F:/Projects/Connect4 Board/STM Code/AC6 Workbench/TheGame_1/LinkerScript.ld" -Wl,-Map=output.map -Wl,--gc-sections -o "TheGame_1.elf" @"objects.list"   -lm
Finished building target: TheGame_1.elf
 
make --no-print-directory post-build
Generating binary and Printing size information:
arm-none-eabi-objcopy -O binary "TheGame_1.elf" "TheGame_1.bin"
arm-none-eabi-size "TheGame_1.elf"
   text	   data	    bss	    dec	    hex	filename
   2912	   1080	   1132	   5124	   1404	TheGame_1.elf
 
15:51:56 **** Incremental Build of configuration Debug for project TheGame_1 ****
make -j4 all 
make: Nothing to be done for 'all'.
15:53:25 **** Incremental Build of configuration Debug for project TheGame_1 ****
make -j4 all 
Building file: ../src/main.c
Invoking: MCU GCC Compiler
F:\Projects\Connect4 Board\STM Code\AC6 Workbench\TheGame_1\Debug
arm-none-eabi-gcc -mcpu=cortex-m3 -mthumb -mfloat-abi=soft -DSTM32 -DSTM32F1 -DSTM32F103RCTx -DDEBUG -DSTM32F10X_HD -DUSE_STDPERIPH_DRIVER -I"F:/Projects/Connect4 Board/STM Code/AC6 Workbench/TheGame_1/StdPeriph_Driver/inc" -I"F:/Projects/Connect4 Board/STM Code/AC6 Workbench/TheGame_1/Libraries" -I"F:/Projects/Connect4 Board/STM Code/AC6 Workbench/TheGame_1/inc" -I"F:/Projects/Connect4 Board/STM Code/AC6 Workbench/TheGame_1/CMSIS/device" -I"F:/Projects/Connect4 Board/STM Code/AC6 Workbench/TheGame_1/CMSIS/core" -O0 -g3 -Wall -fmessage-length=0 -ffunction-sections -c -MMD -MP -MF"src/main.d" -MT"src/main.o" -o "src/main.o" "../src/main.c"
../src/main.c: In function 'checkForWinner':
../src/main.c:131:26: warning: suggest parentheses around comparison in operand of '&' [-Wparentheses]
    if((players[r]>>(c*2))&0b11 != 0){
                          ^
Finished building: ../src/main.c
 
Building target: TheGame_1.elf
Invoking: MCU GCC Linker
arm-none-eabi-gcc -mcpu=cortex-m3 -mthumb -mfloat-abi=soft -T"F:/Projects/Connect4 Board/STM Code/AC6 Workbench/TheGame_1/LinkerScript.ld" -Wl,-Map=output.map -Wl,--gc-sections -o "TheGame_1.elf" @"objects.list"   -lm
Finished building target: TheGame_1.elf
 
make --no-print-directory post-build
Generating binary and Printing size information:
arm-none-eabi-objcopy -O binary "TheGame_1.elf" "TheGame_1.bin"
arm-none-eabi-size "TheGame_1.elf"
   text	   data	    bss	    dec	    hex	filename
   2940	   1080	   1132	   5152	   1420	TheGame_1.elf
 
15:54:07 **** Incremental Build of configuration Debug for project TheGame_1 ****
make -j4 all 
Building file: ../src/main.c
Invoking: MCU GCC Compiler
F:\Projects\Connect4 Board\STM Code\AC6 Workbench\TheGame_1\Debug
arm-none-eabi-gcc -mcpu=cortex-m3 -mthumb -mfloat-abi=soft -DSTM32 -DSTM32F1 -DSTM32F103RCTx -DDEBUG -DSTM32F10X_HD -DUSE_STDPERIPH_DRIVER -I"F:/Projects/Connect4 Board/STM Code/AC6 Workbench/TheGame_1/StdPeriph_Driver/inc" -I"F:/Projects/Connect4 Board/STM Code/AC6 Workbench/TheGame_1/Libraries" -I"F:/Projects/Connect4 Board/STM Code/AC6 Workbench/TheGame_1/inc" -I"F:/Projects/Connect4 Board/STM Code/AC6 Workbench/TheGame_1/CMSIS/device" -I"F:/Projects/Connect4 Board/STM Code/AC6 Workbench/TheGame_1/CMSIS/core" -O0 -g3 -Wall -fmessage-length=0 -ffunction-sections -c -MMD -MP -MF"src/main.d" -MT"src/main.o" -o "src/main.o" "../src/main.c"
Finished building: ../src/main.c
 
Building target: TheGame_1.elf
Invoking: MCU GCC Linker
arm-none-eabi-gcc -mcpu=cortex-m3 -mthumb -mfloat-abi=soft -T"F:/Projects/Connect4 Board/STM Code/AC6 Workbench/TheGame_1/LinkerScript.ld" -Wl,-Map=output.map -Wl,--gc-sections -o "TheGame_1.elf" @"objects.list"   -lm
Finished building target: TheGame_1.elf
 
make --no-print-directory post-build
Generating binary and Printing size information:
arm-none-eabi-objcopy -O binary "TheGame_1.elf" "TheGame_1.bin"
arm-none-eabi-size "TheGame_1.elf"
   text	   data	    bss	    dec	    hex	filename
   2940	   1080	   1132	   5152	   1420	TheGame_1.elf
 
15:57:32 **** Incremental Build of configuration Debug for project TheGame_1 ****
make -j4 all 
Building file: ../src/main.c
Invoking: MCU GCC Compiler
F:\Projects\Connect4 Board\STM Code\AC6 Workbench\TheGame_1\Debug
arm-none-eabi-gcc -mcpu=cortex-m3 -mthumb -mfloat-abi=soft -DSTM32 -DSTM32F1 -DSTM32F103RCTx -DDEBUG -DSTM32F10X_HD -DUSE_STDPERIPH_DRIVER -I"F:/Projects/Connect4 Board/STM Code/AC6 Workbench/TheGame_1/StdPeriph_Driver/inc" -I"F:/Projects/Connect4 Board/STM Code/AC6 Workbench/TheGame_1/Libraries" -I"F:/Projects/Connect4 Board/STM Code/AC6 Workbench/TheGame_1/inc" -I"F:/Projects/Connect4 Board/STM Code/AC6 Workbench/TheGame_1/CMSIS/device" -I"F:/Projects/Connect4 Board/STM Code/AC6 Workbench/TheGame_1/CMSIS/core" -O0 -g3 -Wall -fmessage-length=0 -ffunction-sections -c -MMD -MP -MF"src/main.d" -MT"src/main.o" -o "src/main.o" "../src/main.c"
Finished building: ../src/main.c
 
Building target: TheGame_1.elf
Invoking: MCU GCC Linker
arm-none-eabi-gcc -mcpu=cortex-m3 -mthumb -mfloat-abi=soft -T"F:/Projects/Connect4 Board/STM Code/AC6 Workbench/TheGame_1/LinkerScript.ld" -Wl,-Map=output.map -Wl,--gc-sections -o "TheGame_1.elf" @"objects.list"   -lm
Finished building target: TheGame_1.elf
 
make --no-print-directory post-build
Generating binary and Printing size information:
arm-none-eabi-objcopy -O binary "TheGame_1.elf" "TheGame_1.bin"
arm-none-eabi-size "TheGame_1.elf"
   text	   data	    bss	    dec	    hex	filename
   2940	   1080	   1132	   5152	   1420	TheGame_1.elf
 
15:58:08 **** Incremental Build of configuration Debug for project TheGame_1 ****
make -j4 all 
make: Nothing to be done for 'all'.
16:02:09 **** Incremental Build of configuration Debug for project TheGame_1 ****
make -j4 all 
make: Nothing to be done for 'all'.
16:02:33 **** Incremental Build of configuration Debug for project TheGame_1 ****
make -j4 all 
make: Nothing to be done for 'all'.
16:03:35 **** Incremental Build of configuration Debug for project TheGame_1 ****
make -j4 all 
make: Nothing to be done for 'all'.
16:05:13 **** Incremental Build of configuration Debug for project TheGame_1 ****
make -j4 all 
make: Nothing to be done for 'all'.
09:55:43 **** Incremental Build of configuration Debug for project TheGame_1 ****
make -j4 all 
Building file: ../src/main.c
Invoking: MCU GCC Compiler
F:\Projects\Connect4 Board\STM Code\AC6 Workbench\TheGame_1\Debug
arm-none-eabi-gcc -mcpu=cortex-m3 -mthumb -mfloat-abi=soft -DSTM32 -DSTM32F1 -DSTM32F103RCTx -DDEBUG -DSTM32F10X_HD -DUSE_STDPERIPH_DRIVER -I"F:/Projects/Connect4 Board/STM Code/AC6 Workbench/TheGame_1/StdPeriph_Driver/inc" -I"F:/Projects/Connect4 Board/STM Code/AC6 Workbench/TheGame_1/Libraries" -I"F:/Projects/Connect4 Board/STM Code/AC6 Workbench/TheGame_1/inc" -I"F:/Projects/Connect4 Board/STM Code/AC6 Workbench/TheGame_1/CMSIS/device" -I"F:/Projects/Connect4 Board/STM Code/AC6 Workbench/TheGame_1/CMSIS/core" -O0 -g3 -Wall -fmessage-length=0 -ffunction-sections -c -MMD -MP -MF"src/main.d" -MT"src/main.o" -o "src/main.o" "../src/main.c"
Finished building: ../src/main.c
 
Building target: TheGame_1.elf
Invoking: MCU GCC Linker
arm-none-eabi-gcc -mcpu=cortex-m3 -mthumb -mfloat-abi=soft -T"F:/Projects/Connect4 Board/STM Code/AC6 Workbench/TheGame_1/LinkerScript.ld" -Wl,-Map=output.map -Wl,--gc-sections -o "TheGame_1.elf" @"objects.list"   -lm
Finished building target: TheGame_1.elf
 
make --no-print-directory post-build
Generating binary and Printing size information:
arm-none-eabi-objcopy -O binary "TheGame_1.elf" "TheGame_1.bin"
arm-none-eabi-size "TheGame_1.elf"
   text	   data	    bss	    dec	    hex	filename
   3168	   1080	   1132	   5380	   1504	TheGame_1.elf
 
09:58:30 **** Incremental Build of configuration Debug for project TheGame_1 ****
make -j4 all 
Building file: ../src/main.c
Invoking: MCU GCC Compiler
F:\Projects\Connect4 Board\STM Code\AC6 Workbench\TheGame_1\Debug
arm-none-eabi-gcc -mcpu=cortex-m3 -mthumb -mfloat-abi=soft -DSTM32 -DSTM32F1 -DSTM32F103RCTx -DDEBUG -DSTM32F10X_HD -DUSE_STDPERIPH_DRIVER -I"F:/Projects/Connect4 Board/STM Code/AC6 Workbench/TheGame_1/StdPeriph_Driver/inc" -I"F:/Projects/Connect4 Board/STM Code/AC6 Workbench/TheGame_1/Libraries" -I"F:/Projects/Connect4 Board/STM Code/AC6 Workbench/TheGame_1/inc" -I"F:/Projects/Connect4 Board/STM Code/AC6 Workbench/TheGame_1/CMSIS/device" -I"F:/Projects/Connect4 Board/STM Code/AC6 Workbench/TheGame_1/CMSIS/core" -O0 -g3 -Wall -fmessage-length=0 -ffunction-sections -c -MMD -MP -MF"src/main.d" -MT"src/main.o" -o "src/main.o" "../src/main.c"
Finished building: ../src/main.c
 
Building target: TheGame_1.elf
Invoking: MCU GCC Linker
arm-none-eabi-gcc -mcpu=cortex-m3 -mthumb -mfloat-abi=soft -T"F:/Projects/Connect4 Board/STM Code/AC6 Workbench/TheGame_1/LinkerScript.ld" -Wl,-Map=output.map -Wl,--gc-sections -o "TheGame_1.elf" @"objects.list"   -lm
Finished building target: TheGame_1.elf
 
make --no-print-directory post-build
Generating binary and Printing size information:
arm-none-eabi-objcopy -O binary "TheGame_1.elf" "TheGame_1.bin"
arm-none-eabi-size "TheGame_1.elf"
   text	   data	    bss	    dec	    hex	filename
   3116	   1080	   1132	   5328	   14d0	TheGame_1.elf
 
10:00:03 **** Incremental Build of configuration Debug for project TheGame_1 ****
make -j4 all 
Building file: ../src/main.c
Invoking: MCU GCC Compiler
F:\Projects\Connect4 Board\STM Code\AC6 Workbench\TheGame_1\Debug
arm-none-eabi-gcc -mcpu=cortex-m3 -mthumb -mfloat-abi=soft -DSTM32 -DSTM32F1 -DSTM32F103RCTx -DDEBUG -DSTM32F10X_HD -DUSE_STDPERIPH_DRIVER -I"F:/Projects/Connect4 Board/STM Code/AC6 Workbench/TheGame_1/StdPeriph_Driver/inc" -I"F:/Projects/Connect4 Board/STM Code/AC6 Workbench/TheGame_1/Libraries" -I"F:/Projects/Connect4 Board/STM Code/AC6 Workbench/TheGame_1/inc" -I"F:/Projects/Connect4 Board/STM Code/AC6 Workbench/TheGame_1/CMSIS/device" -I"F:/Projects/Connect4 Board/STM Code/AC6 Workbench/TheGame_1/CMSIS/core" -O0 -g3 -Wall -fmessage-length=0 -ffunction-sections -c -MMD -MP -MF"src/main.d" -MT"src/main.o" -o "src/main.o" "../src/main.c"
Finished building: ../src/main.c
 
Building target: TheGame_1.elf
Invoking: MCU GCC Linker
arm-none-eabi-gcc -mcpu=cortex-m3 -mthumb -mfloat-abi=soft -T"F:/Projects/Connect4 Board/STM Code/AC6 Workbench/TheGame_1/LinkerScript.ld" -Wl,-Map=output.map -Wl,--gc-sections -o "TheGame_1.elf" @"objects.list"   -lm
Finished building target: TheGame_1.elf
 
make --no-print-directory post-build
Generating binary and Printing size information:
arm-none-eabi-objcopy -O binary "TheGame_1.elf" "TheGame_1.bin"
arm-none-eabi-size "TheGame_1.elf"
   text	   data	    bss	    dec	    hex	filename
   3204	   1080	   1132	   5416	   1528	TheGame_1.elf
 
10:00:22 **** Incremental Build of configuration Debug for project TheGame_1 ****
make -j4 all 
Building file: ../src/main.c
Invoking: MCU GCC Compiler
F:\Projects\Connect4 Board\STM Code\AC6 Workbench\TheGame_1\Debug
arm-none-eabi-gcc -mcpu=cortex-m3 -mthumb -mfloat-abi=soft -DSTM32 -DSTM32F1 -DSTM32F103RCTx -DDEBUG -DSTM32F10X_HD -DUSE_STDPERIPH_DRIVER -I"F:/Projects/Connect4 Board/STM Code/AC6 Workbench/TheGame_1/StdPeriph_Driver/inc" -I"F:/Projects/Connect4 Board/STM Code/AC6 Workbench/TheGame_1/Libraries" -I"F:/Projects/Connect4 Board/STM Code/AC6 Workbench/TheGame_1/inc" -I"F:/Projects/Connect4 Board/STM Code/AC6 Workbench/TheGame_1/CMSIS/device" -I"F:/Projects/Connect4 Board/STM Code/AC6 Workbench/TheGame_1/CMSIS/core" -O0 -g3 -Wall -fmessage-length=0 -ffunction-sections -c -MMD -MP -MF"src/main.d" -MT"src/main.o" -o "src/main.o" "../src/main.c"
Finished building: ../src/main.c
 
Building target: TheGame_1.elf
Invoking: MCU GCC Linker
arm-none-eabi-gcc -mcpu=cortex-m3 -mthumb -mfloat-abi=soft -T"F:/Projects/Connect4 Board/STM Code/AC6 Workbench/TheGame_1/LinkerScript.ld" -Wl,-Map=output.map -Wl,--gc-sections -o "TheGame_1.elf" @"objects.list"   -lm
Finished building target: TheGame_1.elf
 
make --no-print-directory post-build
Generating binary and Printing size information:
arm-none-eabi-objcopy -O binary "TheGame_1.elf" "TheGame_1.bin"
arm-none-eabi-size "TheGame_1.elf"
   text	   data	    bss	    dec	    hex	filename
   3208	   1080	   1132	   5420	   152c	TheGame_1.elf
 
10:00:40 **** Incremental Build of configuration Debug for project TheGame_1 ****
make -j4 all 
Building file: ../src/main.c
Invoking: MCU GCC Compiler
F:\Projects\Connect4 Board\STM Code\AC6 Workbench\TheGame_1\Debug
arm-none-eabi-gcc -mcpu=cortex-m3 -mthumb -mfloat-abi=soft -DSTM32 -DSTM32F1 -DSTM32F103RCTx -DDEBUG -DSTM32F10X_HD -DUSE_STDPERIPH_DRIVER -I"F:/Projects/Connect4 Board/STM Code/AC6 Workbench/TheGame_1/StdPeriph_Driver/inc" -I"F:/Projects/Connect4 Board/STM Code/AC6 Workbench/TheGame_1/Libraries" -I"F:/Projects/Connect4 Board/STM Code/AC6 Workbench/TheGame_1/inc" -I"F:/Projects/Connect4 Board/STM Code/AC6 Workbench/TheGame_1/CMSIS/device" -I"F:/Projects/Connect4 Board/STM Code/AC6 Workbench/TheGame_1/CMSIS/core" -O0 -g3 -Wall -fmessage-length=0 -ffunction-sections -c -MMD -MP -MF"src/main.d" -MT"src/main.o" -o "src/main.o" "../src/main.c"
Finished building: ../src/main.c
 
Building target: TheGame_1.elf
Invoking: MCU GCC Linker
arm-none-eabi-gcc -mcpu=cortex-m3 -mthumb -mfloat-abi=soft -T"F:/Projects/Connect4 Board/STM Code/AC6 Workbench/TheGame_1/LinkerScript.ld" -Wl,-Map=output.map -Wl,--gc-sections -o "TheGame_1.elf" @"objects.list"   -lm
Finished building target: TheGame_1.elf
 
make --no-print-directory post-build
Generating binary and Printing size information:
arm-none-eabi-objcopy -O binary "TheGame_1.elf" "TheGame_1.bin"
arm-none-eabi-size "TheGame_1.elf"
   text	   data	    bss	    dec	    hex	filename
   3208	   1080	   1132	   5420	   152c	TheGame_1.elf
 
10:01:00 **** Incremental Build of configuration Debug for project TheGame_1 ****
make -j4 all 
Building file: ../src/main.c
Invoking: MCU GCC Compiler
F:\Projects\Connect4 Board\STM Code\AC6 Workbench\TheGame_1\Debug
arm-none-eabi-gcc -mcpu=cortex-m3 -mthumb -mfloat-abi=soft -DSTM32 -DSTM32F1 -DSTM32F103RCTx -DDEBUG -DSTM32F10X_HD -DUSE_STDPERIPH_DRIVER -I"F:/Projects/Connect4 Board/STM Code/AC6 Workbench/TheGame_1/StdPeriph_Driver/inc" -I"F:/Projects/Connect4 Board/STM Code/AC6 Workbench/TheGame_1/Libraries" -I"F:/Projects/Connect4 Board/STM Code/AC6 Workbench/TheGame_1/inc" -I"F:/Projects/Connect4 Board/STM Code/AC6 Workbench/TheGame_1/CMSIS/device" -I"F:/Projects/Connect4 Board/STM Code/AC6 Workbench/TheGame_1/CMSIS/core" -O0 -g3 -Wall -fmessage-length=0 -ffunction-sections -c -MMD -MP -MF"src/main.d" -MT"src/main.o" -o "src/main.o" "../src/main.c"
Finished building: ../src/main.c
 
Building target: TheGame_1.elf
Invoking: MCU GCC Linker
arm-none-eabi-gcc -mcpu=cortex-m3 -mthumb -mfloat-abi=soft -T"F:/Projects/Connect4 Board/STM Code/AC6 Workbench/TheGame_1/LinkerScript.ld" -Wl,-Map=output.map -Wl,--gc-sections -o "TheGame_1.elf" @"objects.list"   -lm
Finished building target: TheGame_1.elf
 
make --no-print-directory post-build
Generating binary and Printing size information:
arm-none-eabi-objcopy -O binary "TheGame_1.elf" "TheGame_1.bin"
arm-none-eabi-size "TheGame_1.elf"
   text	   data	    bss	    dec	    hex	filename
   3208	   1080	   1132	   5420	   152c	TheGame_1.elf
 
10:09:34 **** Incremental Build of configuration Debug for project TheGame_1 ****
make -j4 all 
Building file: ../src/main.c
Invoking: MCU GCC Compiler
F:\Projects\Connect4 Board\STM Code\AC6 Workbench\TheGame_1\Debug
arm-none-eabi-gcc -mcpu=cortex-m3 -mthumb -mfloat-abi=soft -DSTM32 -DSTM32F1 -DSTM32F103RCTx -DDEBUG -DSTM32F10X_HD -DUSE_STDPERIPH_DRIVER -I"F:/Projects/Connect4 Board/STM Code/AC6 Workbench/TheGame_1/StdPeriph_Driver/inc" -I"F:/Projects/Connect4 Board/STM Code/AC6 Workbench/TheGame_1/Libraries" -I"F:/Projects/Connect4 Board/STM Code/AC6 Workbench/TheGame_1/inc" -I"F:/Projects/Connect4 Board/STM Code/AC6 Workbench/TheGame_1/CMSIS/device" -I"F:/Projects/Connect4 Board/STM Code/AC6 Workbench/TheGame_1/CMSIS/core" -O0 -g3 -Wall -fmessage-length=0 -ffunction-sections -c -MMD -MP -MF"src/main.d" -MT"src/main.o" -o "src/main.o" "../src/main.c"
../src/main.c: In function 'main':
../src/main.c:237:3: error: expected ',' or ';' before 'if'
   if(w!= 0){
   ^~
../src/main.c:236:7: warning: unused variable 'w' [-Wunused-variable]
   int w=checkForWinner()
       ^
src/subdir.mk:24: recipe for target 'src/main.o' failed
make: *** [src/main.o] Error 1
10:09:50 **** Incremental Build of configuration Debug for project TheGame_1 ****
make -j4 all 
Building file: ../src/main.c
Invoking: MCU GCC Compiler
F:\Projects\Connect4 Board\STM Code\AC6 Workbench\TheGame_1\Debug
arm-none-eabi-gcc -mcpu=cortex-m3 -mthumb -mfloat-abi=soft -DSTM32 -DSTM32F1 -DSTM32F103RCTx -DDEBUG -DSTM32F10X_HD -DUSE_STDPERIPH_DRIVER -I"F:/Projects/Connect4 Board/STM Code/AC6 Workbench/TheGame_1/StdPeriph_Driver/inc" -I"F:/Projects/Connect4 Board/STM Code/AC6 Workbench/TheGame_1/Libraries" -I"F:/Projects/Connect4 Board/STM Code/AC6 Workbench/TheGame_1/inc" -I"F:/Projects/Connect4 Board/STM Code/AC6 Workbench/TheGame_1/CMSIS/device" -I"F:/Projects/Connect4 Board/STM Code/AC6 Workbench/TheGame_1/CMSIS/core" -O0 -g3 -Wall -fmessage-length=0 -ffunction-sections -c -MMD -MP -MF"src/main.d" -MT"src/main.o" -o "src/main.o" "../src/main.c"
Finished building: ../src/main.c
 
Building target: TheGame_1.elf
Invoking: MCU GCC Linker
arm-none-eabi-gcc -mcpu=cortex-m3 -mthumb -mfloat-abi=soft -T"F:/Projects/Connect4 Board/STM Code/AC6 Workbench/TheGame_1/LinkerScript.ld" -Wl,-Map=output.map -Wl,--gc-sections -o "TheGame_1.elf" @"objects.list"   -lm
Finished building target: TheGame_1.elf
 
make --no-print-directory post-build
Generating binary and Printing size information:
arm-none-eabi-objcopy -O binary "TheGame_1.elf" "TheGame_1.bin"
arm-none-eabi-size "TheGame_1.elf"
   text	   data	    bss	    dec	    hex	filename
   3320	   1080	   1132	   5532	   159c	TheGame_1.elf
 
10:21:37 **** Incremental Build of configuration Debug for project TheGame_1 ****
make -j4 all 
Building file: ../src/main.c
Invoking: MCU GCC Compiler
F:\Projects\Connect4 Board\STM Code\AC6 Workbench\TheGame_1\Debug
arm-none-eabi-gcc -mcpu=cortex-m3 -mthumb -mfloat-abi=soft -DSTM32 -DSTM32F1 -DSTM32F103RCTx -DDEBUG -DSTM32F10X_HD -DUSE_STDPERIPH_DRIVER -I"F:/Projects/Connect4 Board/STM Code/AC6 Workbench/TheGame_1/StdPeriph_Driver/inc" -I"F:/Projects/Connect4 Board/STM Code/AC6 Workbench/TheGame_1/Libraries" -I"F:/Projects/Connect4 Board/STM Code/AC6 Workbench/TheGame_1/inc" -I"F:/Projects/Connect4 Board/STM Code/AC6 Workbench/TheGame_1/CMSIS/device" -I"F:/Projects/Connect4 Board/STM Code/AC6 Workbench/TheGame_1/CMSIS/core" -O0 -g3 -Wall -fmessage-length=0 -ffunction-sections -c -MMD -MP -MF"src/main.d" -MT"src/main.o" -o "src/main.o" "../src/main.c"
Finished building: ../src/main.c
 
Building target: TheGame_1.elf
Invoking: MCU GCC Linker
arm-none-eabi-gcc -mcpu=cortex-m3 -mthumb -mfloat-abi=soft -T"F:/Projects/Connect4 Board/STM Code/AC6 Workbench/TheGame_1/LinkerScript.ld" -Wl,-Map=output.map -Wl,--gc-sections -o "TheGame_1.elf" @"objects.list"   -lm
Finished building target: TheGame_1.elf
 
make --no-print-directory post-build
Generating binary and Printing size information:
arm-none-eabi-objcopy -O binary "TheGame_1.elf" "TheGame_1.bin"
arm-none-eabi-size "TheGame_1.elf"
   text	   data	    bss	    dec	    hex	filename
   3344	   1080	   1132	   5556	   15b4	TheGame_1.elf
 
10:22:24 **** Incremental Build of configuration Debug for project TheGame_1 ****
make -j4 all 
Building file: ../src/main.c
Invoking: MCU GCC Compiler
F:\Projects\Connect4 Board\STM Code\AC6 Workbench\TheGame_1\Debug
arm-none-eabi-gcc -mcpu=cortex-m3 -mthumb -mfloat-abi=soft -DSTM32 -DSTM32F1 -DSTM32F103RCTx -DDEBUG -DSTM32F10X_HD -DUSE_STDPERIPH_DRIVER -I"F:/Projects/Connect4 Board/STM Code/AC6 Workbench/TheGame_1/StdPeriph_Driver/inc" -I"F:/Projects/Connect4 Board/STM Code/AC6 Workbench/TheGame_1/Libraries" -I"F:/Projects/Connect4 Board/STM Code/AC6 Workbench/TheGame_1/inc" -I"F:/Projects/Connect4 Board/STM Code/AC6 Workbench/TheGame_1/CMSIS/device" -I"F:/Projects/Connect4 Board/STM Code/AC6 Workbench/TheGame_1/CMSIS/core" -O0 -g3 -Wall -fmessage-length=0 -ffunction-sections -c -MMD -MP -MF"src/main.d" -MT"src/main.o" -o "src/main.o" "../src/main.c"
Finished building: ../src/main.c
 
Building target: TheGame_1.elf
Invoking: MCU GCC Linker
arm-none-eabi-gcc -mcpu=cortex-m3 -mthumb -mfloat-abi=soft -T"F:/Projects/Connect4 Board/STM Code/AC6 Workbench/TheGame_1/LinkerScript.ld" -Wl,-Map=output.map -Wl,--gc-sections -o "TheGame_1.elf" @"objects.list"   -lm
Finished building target: TheGame_1.elf
 
make --no-print-directory post-build
Generating binary and Printing size information:
arm-none-eabi-objcopy -O binary "TheGame_1.elf" "TheGame_1.bin"
arm-none-eabi-size "TheGame_1.elf"
   text	   data	    bss	    dec	    hex	filename
   3344	   1080	   1132	   5556	   15b4	TheGame_1.elf
 
10:25:31 **** Incremental Build of configuration Debug for project TheGame_1 ****
make -j4 all 
Building file: ../src/main.c
Invoking: MCU GCC Compiler
F:\Projects\Connect4 Board\STM Code\AC6 Workbench\TheGame_1\Debug
arm-none-eabi-gcc -mcpu=cortex-m3 -mthumb -mfloat-abi=soft -DSTM32 -DSTM32F1 -DSTM32F103RCTx -DDEBUG -DSTM32F10X_HD -DUSE_STDPERIPH_DRIVER -I"F:/Projects/Connect4 Board/STM Code/AC6 Workbench/TheGame_1/StdPeriph_Driver/inc" -I"F:/Projects/Connect4 Board/STM Code/AC6 Workbench/TheGame_1/Libraries" -I"F:/Projects/Connect4 Board/STM Code/AC6 Workbench/TheGame_1/inc" -I"F:/Projects/Connect4 Board/STM Code/AC6 Workbench/TheGame_1/CMSIS/device" -I"F:/Projects/Connect4 Board/STM Code/AC6 Workbench/TheGame_1/CMSIS/core" -O0 -g3 -Wall -fmessage-length=0 -ffunction-sections -c -MMD -MP -MF"src/main.d" -MT"src/main.o" -o "src/main.o" "../src/main.c"
../src/main.c: In function 'main':
../src/main.c:256:18: warning: passing argument 1 of 'clearBuffer' from incompatible pointer type [-Wincompatible-pointer-types]
      clearBuffer(players, 6);
                  ^~~~~~~
../src/main.c:121:6: note: expected 'uint8_t * {aka unsigned char *}' but argument is of type 'uint16_t * {aka short unsigned int *}'
 void clearBuffer(uint8_t *c, int array_lenght){
      ^~~~~~~~~~~
Finished building: ../src/main.c
 
Building target: TheGame_1.elf
Invoking: MCU GCC Linker
arm-none-eabi-gcc -mcpu=cortex-m3 -mthumb -mfloat-abi=soft -T"F:/Projects/Connect4 Board/STM Code/AC6 Workbench/TheGame_1/LinkerScript.ld" -Wl,-Map=output.map -Wl,--gc-sections -o "TheGame_1.elf" @"objects.list"   -lm
Finished building target: TheGame_1.elf
 
make --no-print-directory post-build
Generating binary and Printing size information:
arm-none-eabi-objcopy -O binary "TheGame_1.elf" "TheGame_1.bin"
arm-none-eabi-size "TheGame_1.elf"
   text	   data	    bss	    dec	    hex	filename
   3412	   1080	   1132	   5624	   15f8	TheGame_1.elf
 
10:26:25 **** Incremental Build of configuration Debug for project TheGame_1 ****
make -j4 all 
Building file: ../src/main.c
Invoking: MCU GCC Compiler
F:\Projects\Connect4 Board\STM Code\AC6 Workbench\TheGame_1\Debug
arm-none-eabi-gcc -mcpu=cortex-m3 -mthumb -mfloat-abi=soft -DSTM32 -DSTM32F1 -DSTM32F103RCTx -DDEBUG -DSTM32F10X_HD -DUSE_STDPERIPH_DRIVER -I"F:/Projects/Connect4 Board/STM Code/AC6 Workbench/TheGame_1/StdPeriph_Driver/inc" -I"F:/Projects/Connect4 Board/STM Code/AC6 Workbench/TheGame_1/Libraries" -I"F:/Projects/Connect4 Board/STM Code/AC6 Workbench/TheGame_1/inc" -I"F:/Projects/Connect4 Board/STM Code/AC6 Workbench/TheGame_1/CMSIS/device" -I"F:/Projects/Connect4 Board/STM Code/AC6 Workbench/TheGame_1/CMSIS/core" -O0 -g3 -Wall -fmessage-length=0 -ffunction-sections -c -MMD -MP -MF"src/main.d" -MT"src/main.o" -o "src/main.o" "../src/main.c"
../src/main.c: In function 'main':
../src/main.c:256:18: warning: passing argument 1 of 'clearBuffer' from incompatible pointer type [-Wincompatible-pointer-types]
      clearBuffer(players, 6);
                  ^~~~~~~
../src/main.c:121:6: note: expected 'uint8_t * {aka unsigned char *}' but argument is of type 'uint16_t * {aka short unsigned int *}'
 void clearBuffer(uint8_t *c, int array_lenght){
      ^~~~~~~~~~~
Finished building: ../src/main.c
 
Building target: TheGame_1.elf
Invoking: MCU GCC Linker
arm-none-eabi-gcc -mcpu=cortex-m3 -mthumb -mfloat-abi=soft -T"F:/Projects/Connect4 Board/STM Code/AC6 Workbench/TheGame_1/LinkerScript.ld" -Wl,-Map=output.map -Wl,--gc-sections -o "TheGame_1.elf" @"objects.list"   -lm
Finished building target: TheGame_1.elf
 
make --no-print-directory post-build
Generating binary and Printing size information:
arm-none-eabi-objcopy -O binary "TheGame_1.elf" "TheGame_1.bin"
arm-none-eabi-size "TheGame_1.elf"
   text	   data	    bss	    dec	    hex	filename
   3412	   1080	   1132	   5624	   15f8	TheGame_1.elf
 
10:27:10 **** Incremental Build of configuration Debug for project TheGame_1 ****
make -j4 all 
Building file: ../src/main.c
Invoking: MCU GCC Compiler
F:\Projects\Connect4 Board\STM Code\AC6 Workbench\TheGame_1\Debug
arm-none-eabi-gcc -mcpu=cortex-m3 -mthumb -mfloat-abi=soft -DSTM32 -DSTM32F1 -DSTM32F103RCTx -DDEBUG -DSTM32F10X_HD -DUSE_STDPERIPH_DRIVER -I"F:/Projects/Connect4 Board/STM Code/AC6 Workbench/TheGame_1/StdPeriph_Driver/inc" -I"F:/Projects/Connect4 Board/STM Code/AC6 Workbench/TheGame_1/Libraries" -I"F:/Projects/Connect4 Board/STM Code/AC6 Workbench/TheGame_1/inc" -I"F:/Projects/Connect4 Board/STM Code/AC6 Workbench/TheGame_1/CMSIS/device" -I"F:/Projects/Connect4 Board/STM Code/AC6 Workbench/TheGame_1/CMSIS/core" -O0 -g3 -Wall -fmessage-length=0 -ffunction-sections -c -MMD -MP -MF"src/main.d" -MT"src/main.o" -o "src/main.o" "../src/main.c"
Finished building: ../src/main.c
 
Building target: TheGame_1.elf
Invoking: MCU GCC Linker
arm-none-eabi-gcc -mcpu=cortex-m3 -mthumb -mfloat-abi=soft -T"F:/Projects/Connect4 Board/STM Code/AC6 Workbench/TheGame_1/LinkerScript.ld" -Wl,-Map=output.map -Wl,--gc-sections -o "TheGame_1.elf" @"objects.list"   -lm
Finished building target: TheGame_1.elf
 
make --no-print-directory post-build
Generating binary and Printing size information:
arm-none-eabi-objcopy -O binary "TheGame_1.elf" "TheGame_1.bin"
arm-none-eabi-size "TheGame_1.elf"
   text	   data	    bss	    dec	    hex	filename
   3412	   1080	   1132	   5624	   15f8	TheGame_1.elf
 
10:31:57 **** Incremental Build of configuration Debug for project TheGame_1 ****
make -j4 all 
Building file: ../src/main.c
Invoking: MCU GCC Compiler
F:\Projects\Connect4 Board\STM Code\AC6 Workbench\TheGame_1\Debug
arm-none-eabi-gcc -mcpu=cortex-m3 -mthumb -mfloat-abi=soft -DSTM32 -DSTM32F1 -DSTM32F103RCTx -DDEBUG -DSTM32F10X_HD -DUSE_STDPERIPH_DRIVER -I"F:/Projects/Connect4 Board/STM Code/AC6 Workbench/TheGame_1/StdPeriph_Driver/inc" -I"F:/Projects/Connect4 Board/STM Code/AC6 Workbench/TheGame_1/Libraries" -I"F:/Projects/Connect4 Board/STM Code/AC6 Workbench/TheGame_1/inc" -I"F:/Projects/Connect4 Board/STM Code/AC6 Workbench/TheGame_1/CMSIS/device" -I"F:/Projects/Connect4 Board/STM Code/AC6 Workbench/TheGame_1/CMSIS/core" -O0 -g3 -Wall -fmessage-length=0 -ffunction-sections -c -MMD -MP -MF"src/main.d" -MT"src/main.o" -o "src/main.o" "../src/main.c"
Finished building: ../src/main.c
 
Building target: TheGame_1.elf
Invoking: MCU GCC Linker
arm-none-eabi-gcc -mcpu=cortex-m3 -mthumb -mfloat-abi=soft -T"F:/Projects/Connect4 Board/STM Code/AC6 Workbench/TheGame_1/LinkerScript.ld" -Wl,-Map=output.map -Wl,--gc-sections -o "TheGame_1.elf" @"objects.list"   -lm
Finished building target: TheGame_1.elf
 
make --no-print-directory post-build
Generating binary and Printing size information:
arm-none-eabi-objcopy -O binary "TheGame_1.elf" "TheGame_1.bin"
arm-none-eabi-size "TheGame_1.elf"
   text	   data	    bss	    dec	    hex	filename
   3432	   1080	   1132	   5644	   160c	TheGame_1.elf
 
10:32:18 **** Incremental Build of configuration Debug for project TheGame_1 ****
make -j4 all 
Building file: ../src/main.c
Invoking: MCU GCC Compiler
F:\Projects\Connect4 Board\STM Code\AC6 Workbench\TheGame_1\Debug
arm-none-eabi-gcc -mcpu=cortex-m3 -mthumb -mfloat-abi=soft -DSTM32 -DSTM32F1 -DSTM32F103RCTx -DDEBUG -DSTM32F10X_HD -DUSE_STDPERIPH_DRIVER -I"F:/Projects/Connect4 Board/STM Code/AC6 Workbench/TheGame_1/StdPeriph_Driver/inc" -I"F:/Projects/Connect4 Board/STM Code/AC6 Workbench/TheGame_1/Libraries" -I"F:/Projects/Connect4 Board/STM Code/AC6 Workbench/TheGame_1/inc" -I"F:/Projects/Connect4 Board/STM Code/AC6 Workbench/TheGame_1/CMSIS/device" -I"F:/Projects/Connect4 Board/STM Code/AC6 Workbench/TheGame_1/CMSIS/core" -O0 -g3 -Wall -fmessage-length=0 -ffunction-sections -c -MMD -MP -MF"src/main.d" -MT"src/main.o" -o "src/main.o" "../src/main.c"
Finished building: ../src/main.c
 
Building target: TheGame_1.elf
Invoking: MCU GCC Linker
arm-none-eabi-gcc -mcpu=cortex-m3 -mthumb -mfloat-abi=soft -T"F:/Projects/Connect4 Board/STM Code/AC6 Workbench/TheGame_1/LinkerScript.ld" -Wl,-Map=output.map -Wl,--gc-sections -o "TheGame_1.elf" @"objects.list"   -lm
Finished building target: TheGame_1.elf
 
make --no-print-directory post-build
Generating binary and Printing size information:
arm-none-eabi-objcopy -O binary "TheGame_1.elf" "TheGame_1.bin"
arm-none-eabi-size "TheGame_1.elf"
   text	   data	    bss	    dec	    hex	filename
   3432	   1080	   1132	   5644	   160c	TheGame_1.elf
 
16:04:02 **** Incremental Build of configuration Debug for project TheGame_1 ****
make -j4 all 
Building file: ../src/main.c
Invoking: MCU GCC Compiler
F:\Projects\Connect4 Board\STM Code\AC6 Workbench\TheGame_1\Debug
arm-none-eabi-gcc -mcpu=cortex-m3 -mthumb -mfloat-abi=soft -DSTM32 -DSTM32F1 -DSTM32F103RCTx -DDEBUG -DSTM32F10X_HD -DUSE_STDPERIPH_DRIVER -I"F:/Projects/Connect4 Board/STM Code/AC6 Workbench/TheGame_1/StdPeriph_Driver/inc" -I"F:/Projects/Connect4 Board/STM Code/AC6 Workbench/TheGame_1/Libraries" -I"F:/Projects/Connect4 Board/STM Code/AC6 Workbench/TheGame_1/inc" -I"F:/Projects/Connect4 Board/STM Code/AC6 Workbench/TheGame_1/CMSIS/device" -I"F:/Projects/Connect4 Board/STM Code/AC6 Workbench/TheGame_1/CMSIS/core" -O0 -g3 -Wall -fmessage-length=0 -ffunction-sections -c -MMD -MP -MF"src/main.d" -MT"src/main.o" -o "src/main.o" "../src/main.c"
Finished building: ../src/main.c
 
Building target: TheGame_1.elf
Invoking: MCU GCC Linker
arm-none-eabi-gcc -mcpu=cortex-m3 -mthumb -mfloat-abi=soft -T"F:/Projects/Connect4 Board/STM Code/AC6 Workbench/TheGame_1/LinkerScript.ld" -Wl,-Map=output.map -Wl,--gc-sections -o "TheGame_1.elf" @"objects.list"   -lm
Finished building target: TheGame_1.elf
 
make --no-print-directory post-build
Generating binary and Printing size information:
arm-none-eabi-objcopy -O binary "TheGame_1.elf" "TheGame_1.bin"
arm-none-eabi-size "TheGame_1.elf"
   text	   data	    bss	    dec	    hex	filename
   3432	   1080	   1132	   5644	   160c	TheGame_1.elf
 
16:04:18 **** Incremental Build of configuration Debug for project TheGame_1 ****
make -j4 all 
Building file: ../src/main.c
Invoking: MCU GCC Compiler
F:\Projects\Connect4 Board\STM Code\AC6 Workbench\TheGame_1\Debug
arm-none-eabi-gcc -mcpu=cortex-m3 -mthumb -mfloat-abi=soft -DSTM32 -DSTM32F1 -DSTM32F103RCTx -DDEBUG -DSTM32F10X_HD -DUSE_STDPERIPH_DRIVER -I"F:/Projects/Connect4 Board/STM Code/AC6 Workbench/TheGame_1/StdPeriph_Driver/inc" -I"F:/Projects/Connect4 Board/STM Code/AC6 Workbench/TheGame_1/Libraries" -I"F:/Projects/Connect4 Board/STM Code/AC6 Workbench/TheGame_1/inc" -I"F:/Projects/Connect4 Board/STM Code/AC6 Workbench/TheGame_1/CMSIS/device" -I"F:/Projects/Connect4 Board/STM Code/AC6 Workbench/TheGame_1/CMSIS/core" -O0 -g3 -Wall -fmessage-length=0 -ffunction-sections -c -MMD -MP -MF"src/main.d" -MT"src/main.o" -o "src/main.o" "../src/main.c"
Finished building: ../src/main.c
 
Building target: TheGame_1.elf
Invoking: MCU GCC Linker
arm-none-eabi-gcc -mcpu=cortex-m3 -mthumb -mfloat-abi=soft -T"F:/Projects/Connect4 Board/STM Code/AC6 Workbench/TheGame_1/LinkerScript.ld" -Wl,-Map=output.map -Wl,--gc-sections -o "TheGame_1.elf" @"objects.list"   -lm
Finished building target: TheGame_1.elf
 
make --no-print-directory post-build
Generating binary and Printing size information:
arm-none-eabi-objcopy -O binary "TheGame_1.elf" "TheGame_1.bin"
arm-none-eabi-size "TheGame_1.elf"
   text	   data	    bss	    dec	    hex	filename
   3432	   1080	   1132	   5644	   160c	TheGame_1.elf
 
00:38:33 **** Incremental Build of configuration Debug for project TheGame_1 ****
make -j8 all 
Building file: ../src/main.c
Invoking: MCU GCC Compiler
F:\Projects\Connect4 Board\STM Code\AC6 Workbench\TheGame_1\Debug
arm-none-eabi-gcc -mcpu=cortex-m3 -mthumb -mfloat-abi=soft -DSTM32 -DSTM32F1 -DSTM32F103RCTx -DDEBUG -DSTM32F10X_HD -DUSE_STDPERIPH_DRIVER -I"F:/Projects/Connect4 Board/STM Code/AC6 Workbench/TheGame_1/StdPeriph_Driver/inc" -I"F:/Projects/Connect4 Board/STM Code/AC6 Workbench/TheGame_1/Libraries" -I"F:/Projects/Connect4 Board/STM Code/AC6 Workbench/TheGame_1/inc" -I"F:/Projects/Connect4 Board/STM Code/AC6 Workbench/TheGame_1/CMSIS/device" -I"F:/Projects/Connect4 Board/STM Code/AC6 Workbench/TheGame_1/CMSIS/core" -O0 -g3 -Wall -fmessage-length=0 -ffunction-sections -c -MMD -MP -MF"src/main.d" -MT"src/main.o" -o "src/main.o" "../src/main.c"
Finished building: ../src/main.c
 
Building target: TheGame_1.elf
Invoking: MCU GCC Linker
arm-none-eabi-gcc -mcpu=cortex-m3 -mthumb -mfloat-abi=soft -T"F:/Projects/Connect4 Board/STM Code/AC6 Workbench/TheGame_1/LinkerScript.ld" -Wl,-Map=output.map -Wl,--gc-sections -o "TheGame_1.elf" @"objects.list"   -lm
Finished building target: TheGame_1.elf
 
make --no-print-directory post-build
Generating binary and Printing size information:
arm-none-eabi-objcopy -O binary "TheGame_1.elf" "TheGame_1.bin"
arm-none-eabi-size "TheGame_1.elf"
   text	   data	    bss	    dec	    hex	filename
   3692	   1080	   1132	   5904	   1710	TheGame_1.elf
 
00:41:49 **** Incremental Build of configuration Debug for project TheGame_1 ****
make -j8 all 
Building file: ../src/main.c
Invoking: MCU GCC Compiler
F:\Projects\Connect4 Board\STM Code\AC6 Workbench\TheGame_1\Debug
arm-none-eabi-gcc -mcpu=cortex-m3 -mthumb -mfloat-abi=soft -DSTM32 -DSTM32F1 -DSTM32F103RCTx -DDEBUG -DSTM32F10X_HD -DUSE_STDPERIPH_DRIVER -I"F:/Projects/Connect4 Board/STM Code/AC6 Workbench/TheGame_1/StdPeriph_Driver/inc" -I"F:/Projects/Connect4 Board/STM Code/AC6 Workbench/TheGame_1/Libraries" -I"F:/Projects/Connect4 Board/STM Code/AC6 Workbench/TheGame_1/inc" -I"F:/Projects/Connect4 Board/STM Code/AC6 Workbench/TheGame_1/CMSIS/device" -I"F:/Projects/Connect4 Board/STM Code/AC6 Workbench/TheGame_1/CMSIS/core" -O0 -g3 -Wall -fmessage-length=0 -ffunction-sections -c -MMD -MP -MF"src/main.d" -MT"src/main.o" -o "src/main.o" "../src/main.c"
Finished building: ../src/main.c
 
Building target: TheGame_1.elf
Invoking: MCU GCC Linker
arm-none-eabi-gcc -mcpu=cortex-m3 -mthumb -mfloat-abi=soft -T"F:/Projects/Connect4 Board/STM Code/AC6 Workbench/TheGame_1/LinkerScript.ld" -Wl,-Map=output.map -Wl,--gc-sections -o "TheGame_1.elf" @"objects.list"   -lm
Finished building target: TheGame_1.elf
 
make --no-print-directory post-build
Generating binary and Printing size information:
arm-none-eabi-objcopy -O binary "TheGame_1.elf" "TheGame_1.bin"
arm-none-eabi-size "TheGame_1.elf"
   text	   data	    bss	    dec	    hex	filename
   3948	   1080	   1132	   6160	   1810	TheGame_1.elf
 
00:42:58 **** Incremental Build of configuration Debug for project TheGame_1 ****
make -j8 all 
Building file: ../src/main.c
Invoking: MCU GCC Compiler
F:\Projects\Connect4 Board\STM Code\AC6 Workbench\TheGame_1\Debug
arm-none-eabi-gcc -mcpu=cortex-m3 -mthumb -mfloat-abi=soft -DSTM32 -DSTM32F1 -DSTM32F103RCTx -DDEBUG -DSTM32F10X_HD -DUSE_STDPERIPH_DRIVER -I"F:/Projects/Connect4 Board/STM Code/AC6 Workbench/TheGame_1/StdPeriph_Driver/inc" -I"F:/Projects/Connect4 Board/STM Code/AC6 Workbench/TheGame_1/Libraries" -I"F:/Projects/Connect4 Board/STM Code/AC6 Workbench/TheGame_1/inc" -I"F:/Projects/Connect4 Board/STM Code/AC6 Workbench/TheGame_1/CMSIS/device" -I"F:/Projects/Connect4 Board/STM Code/AC6 Workbench/TheGame_1/CMSIS/core" -O0 -g3 -Wall -fmessage-length=0 -ffunction-sections -c -MMD -MP -MF"src/main.d" -MT"src/main.o" -o "src/main.o" "../src/main.c"
Finished building: ../src/main.c
 
Building target: TheGame_1.elf
Invoking: MCU GCC Linker
arm-none-eabi-gcc -mcpu=cortex-m3 -mthumb -mfloat-abi=soft -T"F:/Projects/Connect4 Board/STM Code/AC6 Workbench/TheGame_1/LinkerScript.ld" -Wl,-Map=output.map -Wl,--gc-sections -o "TheGame_1.elf" @"objects.list"   -lm
Finished building target: TheGame_1.elf
 
make --no-print-directory post-build
Generating binary and Printing size information:
arm-none-eabi-objcopy -O binary "TheGame_1.elf" "TheGame_1.bin"
arm-none-eabi-size "TheGame_1.elf"
   text	   data	    bss	    dec	    hex	filename
   3948	   1080	   1132	   6160	   1810	TheGame_1.elf
 
21:00:48 **** Incremental Build of configuration Debug for project TheGame_1 ****
make -j4 all 
Building file: ../src/main.c
Invoking: MCU GCC Compiler
F:\Projects\Connect4 Board\STM Code\AC6 Workbench\TheGame_1\Debug
arm-none-eabi-gcc -mcpu=cortex-m3 -mthumb -mfloat-abi=soft -DSTM32 -DSTM32F1 -DSTM32F103RCTx -DDEBUG -DSTM32F10X_HD -DUSE_STDPERIPH_DRIVER -I"F:/Projects/Connect4 Board/STM Code/AC6 Workbench/TheGame_1/StdPeriph_Driver/inc" -I"F:/Projects/Connect4 Board/STM Code/AC6 Workbench/TheGame_1/Libraries" -I"F:/Projects/Connect4 Board/STM Code/AC6 Workbench/TheGame_1/inc" -I"F:/Projects/Connect4 Board/STM Code/AC6 Workbench/TheGame_1/CMSIS/device" -I"F:/Projects/Connect4 Board/STM Code/AC6 Workbench/TheGame_1/CMSIS/core" -O0 -g3 -Wall -fmessage-length=0 -ffunction-sections -c -MMD -MP -MF"src/main.d" -MT"src/main.o" -o "src/main.o" "../src/main.c"
Finished building: ../src/main.c
 
Building target: TheGame_1.elf
Invoking: MCU GCC Linker
arm-none-eabi-gcc -mcpu=cortex-m3 -mthumb -mfloat-abi=soft -T"F:/Projects/Connect4 Board/STM Code/AC6 Workbench/TheGame_1/LinkerScript.ld" -Wl,-Map=output.map -Wl,--gc-sections -o "TheGame_1.elf" @"objects.list"   -lm
Finished building target: TheGame_1.elf
 
make --no-print-directory post-build
Generating binary and Printing size information:
arm-none-eabi-objcopy -O binary "TheGame_1.elf" "TheGame_1.bin"
arm-none-eabi-size "TheGame_1.elf"
   text	   data	    bss	    dec	    hex	filename
   4020	   1080	   1132	   6232	   1858	TheGame_1.elf
 
21:01:29 **** Incremental Build of configuration Debug for project TheGame_1 ****
make -j4 all 
Building file: ../src/main.c
Invoking: MCU GCC Compiler
F:\Projects\Connect4 Board\STM Code\AC6 Workbench\TheGame_1\Debug
arm-none-eabi-gcc -mcpu=cortex-m3 -mthumb -mfloat-abi=soft -DSTM32 -DSTM32F1 -DSTM32F103RCTx -DDEBUG -DSTM32F10X_HD -DUSE_STDPERIPH_DRIVER -I"F:/Projects/Connect4 Board/STM Code/AC6 Workbench/TheGame_1/StdPeriph_Driver/inc" -I"F:/Projects/Connect4 Board/STM Code/AC6 Workbench/TheGame_1/Libraries" -I"F:/Projects/Connect4 Board/STM Code/AC6 Workbench/TheGame_1/inc" -I"F:/Projects/Connect4 Board/STM Code/AC6 Workbench/TheGame_1/CMSIS/device" -I"F:/Projects/Connect4 Board/STM Code/AC6 Workbench/TheGame_1/CMSIS/core" -O0 -g3 -Wall -fmessage-length=0 -ffunction-sections -c -MMD -MP -MF"src/main.d" -MT"src/main.o" -o "src/main.o" "../src/main.c"
Finished building: ../src/main.c
 
Building target: TheGame_1.elf
Invoking: MCU GCC Linker
arm-none-eabi-gcc -mcpu=cortex-m3 -mthumb -mfloat-abi=soft -T"F:/Projects/Connect4 Board/STM Code/AC6 Workbench/TheGame_1/LinkerScript.ld" -Wl,-Map=output.map -Wl,--gc-sections -o "TheGame_1.elf" @"objects.list"   -lm
Finished building target: TheGame_1.elf
 
make --no-print-directory post-build
Generating binary and Printing size information:
arm-none-eabi-objcopy -O binary "TheGame_1.elf" "TheGame_1.bin"
arm-none-eabi-size "TheGame_1.elf"
   text	   data	    bss	    dec	    hex	filename
   4028	   1080	   1132	   6240	   1860	TheGame_1.elf
 
21:02:42 **** Incremental Build of configuration Debug for project TheGame_1 ****
make -j4 all 
Building file: ../src/main.c
Invoking: MCU GCC Compiler
F:\Projects\Connect4 Board\STM Code\AC6 Workbench\TheGame_1\Debug
arm-none-eabi-gcc -mcpu=cortex-m3 -mthumb -mfloat-abi=soft -DSTM32 -DSTM32F1 -DSTM32F103RCTx -DDEBUG -DSTM32F10X_HD -DUSE_STDPERIPH_DRIVER -I"F:/Projects/Connect4 Board/STM Code/AC6 Workbench/TheGame_1/StdPeriph_Driver/inc" -I"F:/Projects/Connect4 Board/STM Code/AC6 Workbench/TheGame_1/Libraries" -I"F:/Projects/Connect4 Board/STM Code/AC6 Workbench/TheGame_1/inc" -I"F:/Projects/Connect4 Board/STM Code/AC6 Workbench/TheGame_1/CMSIS/device" -I"F:/Projects/Connect4 Board/STM Code/AC6 Workbench/TheGame_1/CMSIS/core" -O0 -g3 -Wall -fmessage-length=0 -ffunction-sections -c -MMD -MP -MF"src/main.d" -MT"src/main.o" -o "src/main.o" "../src/main.c"
Finished building: ../src/main.c
 
Building target: TheGame_1.elf
Invoking: MCU GCC Linker
arm-none-eabi-gcc -mcpu=cortex-m3 -mthumb -mfloat-abi=soft -T"F:/Projects/Connect4 Board/STM Code/AC6 Workbench/TheGame_1/LinkerScript.ld" -Wl,-Map=output.map -Wl,--gc-sections -o "TheGame_1.elf" @"objects.list"   -lm
Finished building target: TheGame_1.elf
 
make --no-print-directory post-build
Generating binary and Printing size information:
arm-none-eabi-objcopy -O binary "TheGame_1.elf" "TheGame_1.bin"
arm-none-eabi-size "TheGame_1.elf"
   text	   data	    bss	    dec	    hex	filename
   4028	   1080	   1132	   6240	   1860	TheGame_1.elf
 
21:06:55 **** Incremental Build of configuration Debug for project TheGame_1 ****
make -j4 all 
Building file: ../src/main.c
Invoking: MCU GCC Compiler
F:\Projects\Connect4 Board\STM Code\AC6 Workbench\TheGame_1\Debug
arm-none-eabi-gcc -mcpu=cortex-m3 -mthumb -mfloat-abi=soft -DSTM32 -DSTM32F1 -DSTM32F103RCTx -DDEBUG -DSTM32F10X_HD -DUSE_STDPERIPH_DRIVER -I"F:/Projects/Connect4 Board/STM Code/AC6 Workbench/TheGame_1/StdPeriph_Driver/inc" -I"F:/Projects/Connect4 Board/STM Code/AC6 Workbench/TheGame_1/Libraries" -I"F:/Projects/Connect4 Board/STM Code/AC6 Workbench/TheGame_1/inc" -I"F:/Projects/Connect4 Board/STM Code/AC6 Workbench/TheGame_1/CMSIS/device" -I"F:/Projects/Connect4 Board/STM Code/AC6 Workbench/TheGame_1/CMSIS/core" -O0 -g3 -Wall -fmessage-length=0 -ffunction-sections -c -MMD -MP -MF"src/main.d" -MT"src/main.o" -o "src/main.o" "../src/main.c"
Finished building: ../src/main.c
 
Building target: TheGame_1.elf
Invoking: MCU GCC Linker
arm-none-eabi-gcc -mcpu=cortex-m3 -mthumb -mfloat-abi=soft -T"F:/Projects/Connect4 Board/STM Code/AC6 Workbench/TheGame_1/LinkerScript.ld" -Wl,-Map=output.map -Wl,--gc-sections -o "TheGame_1.elf" @"objects.list"   -lm
Finished building target: TheGame_1.elf
 
make --no-print-directory post-build
Generating binary and Printing size information:
arm-none-eabi-objcopy -O binary "TheGame_1.elf" "TheGame_1.bin"
arm-none-eabi-size "TheGame_1.elf"
   text	   data	    bss	    dec	    hex	filename
   4028	   1080	   1132	   6240	   1860	TheGame_1.elf
 
21:10:05 **** Incremental Build of configuration Debug for project TheGame_1 ****
make -j4 all 
Building file: ../src/main.c
Invoking: MCU GCC Compiler
F:\Projects\Connect4 Board\STM Code\AC6 Workbench\TheGame_1\Debug
arm-none-eabi-gcc -mcpu=cortex-m3 -mthumb -mfloat-abi=soft -DSTM32 -DSTM32F1 -DSTM32F103RCTx -DDEBUG -DSTM32F10X_HD -DUSE_STDPERIPH_DRIVER -I"F:/Projects/Connect4 Board/STM Code/AC6 Workbench/TheGame_1/StdPeriph_Driver/inc" -I"F:/Projects/Connect4 Board/STM Code/AC6 Workbench/TheGame_1/Libraries" -I"F:/Projects/Connect4 Board/STM Code/AC6 Workbench/TheGame_1/inc" -I"F:/Projects/Connect4 Board/STM Code/AC6 Workbench/TheGame_1/CMSIS/device" -I"F:/Projects/Connect4 Board/STM Code/AC6 Workbench/TheGame_1/CMSIS/core" -O0 -g3 -Wall -fmessage-length=0 -ffunction-sections -c -MMD -MP -MF"src/main.d" -MT"src/main.o" -o "src/main.o" "../src/main.c"
Finished building: ../src/main.c
 
Building target: TheGame_1.elf
Invoking: MCU GCC Linker
arm-none-eabi-gcc -mcpu=cortex-m3 -mthumb -mfloat-abi=soft -T"F:/Projects/Connect4 Board/STM Code/AC6 Workbench/TheGame_1/LinkerScript.ld" -Wl,-Map=output.map -Wl,--gc-sections -o "TheGame_1.elf" @"objects.list"   -lm
Finished building target: TheGame_1.elf
 
make --no-print-directory post-build
Generating binary and Printing size information:
arm-none-eabi-objcopy -O binary "TheGame_1.elf" "TheGame_1.bin"
arm-none-eabi-size "TheGame_1.elf"
   text	   data	    bss	    dec	    hex	filename
   4032	   1080	   1132	   6244	   1864	TheGame_1.elf
 
21:10:38 **** Incremental Build of configuration Debug for project TheGame_1 ****
make -j4 all 
make: Nothing to be done for 'all'.
21:12:06 **** Incremental Build of configuration Debug for project TheGame_1 ****
make -j4 all 
Building file: ../src/main.c
Invoking: MCU GCC Compiler
F:\Projects\Connect4 Board\STM Code\AC6 Workbench\TheGame_1\Debug
arm-none-eabi-gcc -mcpu=cortex-m3 -mthumb -mfloat-abi=soft -DSTM32 -DSTM32F1 -DSTM32F103RCTx -DDEBUG -DSTM32F10X_HD -DUSE_STDPERIPH_DRIVER -I"F:/Projects/Connect4 Board/STM Code/AC6 Workbench/TheGame_1/StdPeriph_Driver/inc" -I"F:/Projects/Connect4 Board/STM Code/AC6 Workbench/TheGame_1/Libraries" -I"F:/Projects/Connect4 Board/STM Code/AC6 Workbench/TheGame_1/inc" -I"F:/Projects/Connect4 Board/STM Code/AC6 Workbench/TheGame_1/CMSIS/device" -I"F:/Projects/Connect4 Board/STM Code/AC6 Workbench/TheGame_1/CMSIS/core" -O0 -g3 -Wall -fmessage-length=0 -ffunction-sections -c -MMD -MP -MF"src/main.d" -MT"src/main.o" -o "src/main.o" "../src/main.c"
Finished building: ../src/main.c
 
Building target: TheGame_1.elf
Invoking: MCU GCC Linker
arm-none-eabi-gcc -mcpu=cortex-m3 -mthumb -mfloat-abi=soft -T"F:/Projects/Connect4 Board/STM Code/AC6 Workbench/TheGame_1/LinkerScript.ld" -Wl,-Map=output.map -Wl,--gc-sections -o "TheGame_1.elf" @"objects.list"   -lm
Finished building target: TheGame_1.elf
 
make --no-print-directory post-build
Generating binary and Printing size information:
arm-none-eabi-objcopy -O binary "TheGame_1.elf" "TheGame_1.bin"
arm-none-eabi-size "TheGame_1.elf"
   text	   data	    bss	    dec	    hex	filename
   4024	   1080	   1140	   6244	   1864	TheGame_1.elf
 
